###############################################################################
#
#                                                         19/Jun/2026  15:28:16
# IAR ELF Linker V9.50.3.383/W64 for ARM Functional Safety
# Copyright 2007-2024 IAR Systems AB.
#
#    Output file  =
#        C:\Users\ETI\STM32CubeIDE\workspace_1.18.1\MEGA_BESS\IAR\Certification_ESS_MLEC_R0.0\EWARM\Certification_ESS_MLEC_R0.0\Exe\Certification_ESS_MLEC_R0.0.out
#    Map file     =
#        C:\Users\ETI\STM32CubeIDE\workspace_1.18.1\MEGA_BESS\IAR\Certification_ESS_MLEC_R0.0\EWARM\Certification_ESS_MLEC_R0.0\List\Certification_ESS_MLEC_R0.0.map
#    Command line =
#        -f
#        C:\Users\ETI\STM32CubeIDE\workspace_1.18.1\MEGA_BESS\IAR\Certification_ESS_MLEC_R0.0\EWARM\Certification_ESS_MLEC_R0.0\Exe\Certification_ESS_MLEC_R0.0.out.rsp
#        (C:\Users\ETI\STM32CubeIDE\workspace_1.18.1\MEGA_BESS\IAR\Certification_ESS_MLEC_R0.0\EWARM\Certification_ESS_MLEC_R0.0\Obj\Core_13247989168731456611.dir\adc.o
#        C:\Users\ETI\STM32CubeIDE\workspace_1.18.1\MEGA_BESS\IAR\Certification_ESS_MLEC_R0.0\EWARM\Certification_ESS_MLEC_R0.0\Obj\Src_5795735761990546859.dir\Api_Adbms.o
#        C:\Users\ETI\STM32CubeIDE\workspace_1.18.1\MEGA_BESS\IAR\Certification_ESS_MLEC_R0.0\EWARM\Certification_ESS_MLEC_R0.0\Obj\Src_5795735761990546859.dir\Api_AdcIn.o
#        C:\Users\ETI\STM32CubeIDE\workspace_1.18.1\MEGA_BESS\IAR\Certification_ESS_MLEC_R0.0\EWARM\Certification_ESS_MLEC_R0.0\Obj\Src_5795735761990546859.dir\Api_AuxVolt.o
#        C:\Users\ETI\STM32CubeIDE\workspace_1.18.1\MEGA_BESS\IAR\Certification_ESS_MLEC_R0.0\EWARM\Certification_ESS_MLEC_R0.0\Obj\Src_5795735761990546859.dir\Api_BoardTemp.o
#        C:\Users\ETI\STM32CubeIDE\workspace_1.18.1\MEGA_BESS\IAR\Certification_ESS_MLEC_R0.0\EWARM\Certification_ESS_MLEC_R0.0\Obj\Src_5795735761990546859.dir\Api_Calibdata.o
#        C:\Users\ETI\STM32CubeIDE\workspace_1.18.1\MEGA_BESS\IAR\Certification_ESS_MLEC_R0.0\EWARM\Certification_ESS_MLEC_R0.0\Obj\Src_5795735761990546859.dir\Api_CtrlLed.o
#        C:\Users\ETI\STM32CubeIDE\workspace_1.18.1\MEGA_BESS\IAR\Certification_ESS_MLEC_R0.0\EWARM\Certification_ESS_MLEC_R0.0\Obj\Src_5795735761990546859.dir\Api_Curr.o
#        C:\Users\ETI\STM32CubeIDE\workspace_1.18.1\MEGA_BESS\IAR\Certification_ESS_MLEC_R0.0\EWARM\Certification_ESS_MLEC_R0.0\Obj\Src_5795735761990546859.dir\Api_HvilEpo.o
#        C:\Users\ETI\STM32CubeIDE\workspace_1.18.1\MEGA_BESS\IAR\Certification_ESS_MLEC_R0.0\EWARM\Certification_ESS_MLEC_R0.0\Obj\Src_5795735761990546859.dir\Api_Init.o
#        C:\Users\ETI\STM32CubeIDE\workspace_1.18.1\MEGA_BESS\IAR\Certification_ESS_MLEC_R0.0\EWARM\Certification_ESS_MLEC_R0.0\Obj\Src_5795735761990546859.dir\Api_IsoR.o
#        C:\Users\ETI\STM32CubeIDE\workspace_1.18.1\MEGA_BESS\IAR\Certification_ESS_MLEC_R0.0\EWARM\Certification_ESS_MLEC_R0.0\Obj\Src_5795735761990546859.dir\Api_ManaMsm.o
#        C:\Users\ETI\STM32CubeIDE\workspace_1.18.1\MEGA_BESS\IAR\Certification_ESS_MLEC_R0.0\EWARM\Certification_ESS_MLEC_R0.0\Obj\Src_5795735761990546859.dir\Api_PackVolt.o
#        C:\Users\ETI\STM32CubeIDE\workspace_1.18.1\MEGA_BESS\IAR\Certification_ESS_MLEC_R0.0\EWARM\Certification_ESS_MLEC_R0.0\Obj\Src_5795735761990546859.dir\Api_Ref5v.o
#        C:\Users\ETI\STM32CubeIDE\workspace_1.18.1\MEGA_BESS\IAR\Certification_ESS_MLEC_R0.0\EWARM\Certification_ESS_MLEC_R0.0\Obj\Src_5795735761990546859.dir\Api_Task.o
#        C:\Users\ETI\STM32CubeIDE\workspace_1.18.1\MEGA_BESS\IAR\Certification_ESS_MLEC_R0.0\EWARM\Certification_ESS_MLEC_R0.0\Obj\Src_10706857032692893001.dir\App_CalibData.o
#        C:\Users\ETI\STM32CubeIDE\workspace_1.18.1\MEGA_BESS\IAR\Certification_ESS_MLEC_R0.0\EWARM\Certification_ESS_MLEC_R0.0\Obj\Src_10706857032692893001.dir\App_CanUiRx.o
#        C:\Users\ETI\STM32CubeIDE\workspace_1.18.1\MEGA_BESS\IAR\Certification_ESS_MLEC_R0.0\EWARM\Certification_ESS_MLEC_R0.0\Obj\Src_10706857032692893001.dir\App_CanVcuTx.o
#        C:\Users\ETI\STM32CubeIDE\workspace_1.18.1\MEGA_BESS\IAR\Certification_ESS_MLEC_R0.0\EWARM\Certification_ESS_MLEC_R0.0\Obj\Src_10706857032692893001.dir\App_CellBalance.o
#        C:\Users\ETI\STM32CubeIDE\workspace_1.18.1\MEGA_BESS\IAR\Certification_ESS_MLEC_R0.0\EWARM\Certification_ESS_MLEC_R0.0\Obj\Src_10706857032692893001.dir\App_ConfigData.o
#        C:\Users\ETI\STM32CubeIDE\workspace_1.18.1\MEGA_BESS\IAR\Certification_ESS_MLEC_R0.0\EWARM\Certification_ESS_MLEC_R0.0\Obj\Src_10706857032692893001.dir\App_CurrLimit.o
#        C:\Users\ETI\STM32CubeIDE\workspace_1.18.1\MEGA_BESS\IAR\Certification_ESS_MLEC_R0.0\EWARM\Certification_ESS_MLEC_R0.0\Obj\Src_10706857032692893001.dir\App_Diag.o
#        C:\Users\ETI\STM32CubeIDE\workspace_1.18.1\MEGA_BESS\IAR\Certification_ESS_MLEC_R0.0\EWARM\Certification_ESS_MLEC_R0.0\Obj\Src_10706857032692893001.dir\App_EepromEx.o
#        C:\Users\ETI\STM32CubeIDE\workspace_1.18.1\MEGA_BESS\IAR\Certification_ESS_MLEC_R0.0\EWARM\Certification_ESS_MLEC_R0.0\Obj\Src_10706857032692893001.dir\App_Fan.o
#        C:\Users\ETI\STM32CubeIDE\workspace_1.18.1\MEGA_BESS\IAR\Certification_ESS_MLEC_R0.0\EWARM\Certification_ESS_MLEC_R0.0\Obj\Src_10706857032692893001.dir\App_Init.o
#        C:\Users\ETI\STM32CubeIDE\workspace_1.18.1\MEGA_BESS\IAR\Certification_ESS_MLEC_R0.0\EWARM\Certification_ESS_MLEC_R0.0\Obj\Src_10706857032692893001.dir\App_Ir.o
#        C:\Users\ETI\STM32CubeIDE\workspace_1.18.1\MEGA_BESS\IAR\Certification_ESS_MLEC_R0.0\EWARM\Certification_ESS_MLEC_R0.0\Obj\Src_10706857032692893001.dir\App_Main.o
#        C:\Users\ETI\STM32CubeIDE\workspace_1.18.1\MEGA_BESS\IAR\Certification_ESS_MLEC_R0.0\EWARM\Certification_ESS_MLEC_R0.0\Obj\Src_10706857032692893001.dir\App_ManaMsm.o
#        C:\Users\ETI\STM32CubeIDE\workspace_1.18.1\MEGA_BESS\IAR\Certification_ESS_MLEC_R0.0\EWARM\Certification_ESS_MLEC_R0.0\Obj\Src_10706857032692893001.dir\App_Relay.o
#        C:\Users\ETI\STM32CubeIDE\workspace_1.18.1\MEGA_BESS\IAR\Certification_ESS_MLEC_R0.0\EWARM\Certification_ESS_MLEC_R0.0\Obj\Src_10706857032692893001.dir\App_Soc.o
#        C:\Users\ETI\STM32CubeIDE\workspace_1.18.1\MEGA_BESS\IAR\Certification_ESS_MLEC_R0.0\EWARM\Certification_ESS_MLEC_R0.0\Obj\Src_10706857032692893001.dir\App_Soh.o
#        C:\Users\ETI\STM32CubeIDE\workspace_1.18.1\MEGA_BESS\IAR\Certification_ESS_MLEC_R0.0\EWARM\Certification_ESS_MLEC_R0.0\Obj\Src_10706857032692893001.dir\App_Soue.o
#        C:\Users\ETI\STM32CubeIDE\workspace_1.18.1\MEGA_BESS\IAR\Certification_ESS_MLEC_R0.0\EWARM\Certification_ESS_MLEC_R0.0\Obj\Src_10706857032692893001.dir\App_Task.o
#        C:\Users\ETI\STM32CubeIDE\workspace_1.18.1\MEGA_BESS\IAR\Certification_ESS_MLEC_R0.0\EWARM\Certification_ESS_MLEC_R0.0\Obj\Src_10706857032692893001.dir\App_TRunaway.o
#        C:\Users\ETI\STM32CubeIDE\workspace_1.18.1\MEGA_BESS\IAR\Certification_ESS_MLEC_R0.0\EWARM\Certification_ESS_MLEC_R0.0\Obj\Src_10706857032692893001.dir\App_Warranty.o
#        C:\Users\ETI\STM32CubeIDE\workspace_1.18.1\MEGA_BESS\IAR\Certification_ESS_MLEC_R0.0\EWARM\Certification_ESS_MLEC_R0.0\Obj\Core_13247989168731456611.dir\can.o
#        C:\Users\ETI\STM32CubeIDE\workspace_1.18.1\MEGA_BESS\IAR\Certification_ESS_MLEC_R0.0\EWARM\Certification_ESS_MLEC_R0.0\Obj\Src_65410371904436568.dir\Common_Def.o
#        C:\Users\ETI\STM32CubeIDE\workspace_1.18.1\MEGA_BESS\IAR\Certification_ESS_MLEC_R0.0\EWARM\Certification_ESS_MLEC_R0.0\Obj\Core_13247989168731456611.dir\crc.o
#        C:\Users\ETI\STM32CubeIDE\workspace_1.18.1\MEGA_BESS\IAR\Certification_ESS_MLEC_R0.0\EWARM\Certification_ESS_MLEC_R0.0\Obj\Src_8022808178001545325.dir\Drv_Adbms6815.o
#        C:\Users\ETI\STM32CubeIDE\workspace_1.18.1\MEGA_BESS\IAR\Certification_ESS_MLEC_R0.0\EWARM\Certification_ESS_MLEC_R0.0\Obj\Src_8022808178001545325.dir\Drv_AdcEx.o
#        C:\Users\ETI\STM32CubeIDE\workspace_1.18.1\MEGA_BESS\IAR\Certification_ESS_MLEC_R0.0\EWARM\Certification_ESS_MLEC_R0.0\Obj\Src_8022808178001545325.dir\Drv_AdcIn.o
#        C:\Users\ETI\STM32CubeIDE\workspace_1.18.1\MEGA_BESS\IAR\Certification_ESS_MLEC_R0.0\EWARM\Certification_ESS_MLEC_R0.0\Obj\Src_8022808178001545325.dir\Drv_Can.o
#        C:\Users\ETI\STM32CubeIDE\workspace_1.18.1\MEGA_BESS\IAR\Certification_ESS_MLEC_R0.0\EWARM\Certification_ESS_MLEC_R0.0\Obj\Src_8022808178001545325.dir\Drv_Delay.o
#        C:\Users\ETI\STM32CubeIDE\workspace_1.18.1\MEGA_BESS\IAR\Certification_ESS_MLEC_R0.0\EWARM\Certification_ESS_MLEC_R0.0\Obj\Src_8022808178001545325.dir\Drv_Dio.o
#        C:\Users\ETI\STM32CubeIDE\workspace_1.18.1\MEGA_BESS\IAR\Certification_ESS_MLEC_R0.0\EWARM\Certification_ESS_MLEC_R0.0\Obj\Src_8022808178001545325.dir\Drv_Dwt.o
#        C:\Users\ETI\STM32CubeIDE\workspace_1.18.1\MEGA_BESS\IAR\Certification_ESS_MLEC_R0.0\EWARM\Certification_ESS_MLEC_R0.0\Obj\Src_8022808178001545325.dir\Drv_EepromEx.o
#        C:\Users\ETI\STM32CubeIDE\workspace_1.18.1\MEGA_BESS\IAR\Certification_ESS_MLEC_R0.0\EWARM\Certification_ESS_MLEC_R0.0\Obj\Src_8022808178001545325.dir\Drv_Fan.o
#        C:\Users\ETI\STM32CubeIDE\workspace_1.18.1\MEGA_BESS\IAR\Certification_ESS_MLEC_R0.0\EWARM\Certification_ESS_MLEC_R0.0\Obj\Src_8022808178001545325.dir\Drv_Init.o
#        C:\Users\ETI\STM32CubeIDE\workspace_1.18.1\MEGA_BESS\IAR\Certification_ESS_MLEC_R0.0\EWARM\Certification_ESS_MLEC_R0.0\Obj\Src_8022808178001545325.dir\Drv_Led.o
#        C:\Users\ETI\STM32CubeIDE\workspace_1.18.1\MEGA_BESS\IAR\Certification_ESS_MLEC_R0.0\EWARM\Certification_ESS_MLEC_R0.0\Obj\Src_8022808178001545325.dir\Drv_Parameter.o
#        C:\Users\ETI\STM32CubeIDE\workspace_1.18.1\MEGA_BESS\IAR\Certification_ESS_MLEC_R0.0\EWARM\Certification_ESS_MLEC_R0.0\Obj\Src_8022808178001545325.dir\Drv_Relay.o
#        C:\Users\ETI\STM32CubeIDE\workspace_1.18.1\MEGA_BESS\IAR\Certification_ESS_MLEC_R0.0\EWARM\Certification_ESS_MLEC_R0.0\Obj\Src_8022808178001545325.dir\Drv_Rtc.o
#        C:\Users\ETI\STM32CubeIDE\workspace_1.18.1\MEGA_BESS\IAR\Certification_ESS_MLEC_R0.0\EWARM\Certification_ESS_MLEC_R0.0\Obj\Src_8022808178001545325.dir\Drv_Spi.o
#        C:\Users\ETI\STM32CubeIDE\workspace_1.18.1\MEGA_BESS\IAR\Certification_ESS_MLEC_R0.0\EWARM\Certification_ESS_MLEC_R0.0\Obj\Src_8022808178001545325.dir\Drv_Tick.o
#        C:\Users\ETI\STM32CubeIDE\workspace_1.18.1\MEGA_BESS\IAR\Certification_ESS_MLEC_R0.0\EWARM\Certification_ESS_MLEC_R0.0\Obj\Src_8022808178001545325.dir\Drv_Wdt.o
#        C:\Users\ETI\STM32CubeIDE\workspace_1.18.1\MEGA_BESS\IAR\Certification_ESS_MLEC_R0.0\EWARM\Certification_ESS_MLEC_R0.0\Obj\Core_13247989168731456611.dir\gpio.o
#        C:\Users\ETI\STM32CubeIDE\workspace_1.18.1\MEGA_BESS\IAR\Certification_ESS_MLEC_R0.0\EWARM\Certification_ESS_MLEC_R0.0\Obj\Core_13247989168731456611.dir\iwdg.o
#        C:\Users\ETI\STM32CubeIDE\workspace_1.18.1\MEGA_BESS\IAR\Certification_ESS_MLEC_R0.0\EWARM\Certification_ESS_MLEC_R0.0\Obj\Src_65410371904436568.dir\Lib_CRC.o
#        C:\Users\ETI\STM32CubeIDE\workspace_1.18.1\MEGA_BESS\IAR\Certification_ESS_MLEC_R0.0\EWARM\Certification_ESS_MLEC_R0.0\Obj\Src_65410371904436568.dir\Lib_queue.o
#        C:\Users\ETI\STM32CubeIDE\workspace_1.18.1\MEGA_BESS\IAR\Certification_ESS_MLEC_R0.0\EWARM\Certification_ESS_MLEC_R0.0\Obj\Core_13247989168731456611.dir\main.o
#        C:\Users\ETI\STM32CubeIDE\workspace_1.18.1\MEGA_BESS\IAR\Certification_ESS_MLEC_R0.0\EWARM\Certification_ESS_MLEC_R0.0\Obj\Core_13247989168731456611.dir\rtc.o
#        C:\Users\ETI\STM32CubeIDE\workspace_1.18.1\MEGA_BESS\IAR\Certification_ESS_MLEC_R0.0\EWARM\Certification_ESS_MLEC_R0.0\Obj\Core_13247989168731456611.dir\spi.o
#        C:\Users\ETI\STM32CubeIDE\workspace_1.18.1\MEGA_BESS\IAR\Certification_ESS_MLEC_R0.0\EWARM\Certification_ESS_MLEC_R0.0\Obj\EWARM_18443280873093131863.dir\startup_stm32f407xx.o
#        C:\Users\ETI\STM32CubeIDE\workspace_1.18.1\MEGA_BESS\IAR\Certification_ESS_MLEC_R0.0\EWARM\Certification_ESS_MLEC_R0.0\Obj\STL_13106624692826780171.dir\stl_user_param_template.o
#        C:\Users\ETI\STM32CubeIDE\workspace_1.18.1\MEGA_BESS\IAR\Certification_ESS_MLEC_R0.0\EWARM\Certification_ESS_MLEC_R0.0\Obj\STL_13106624692826780171.dir\stl_util.o
#        C:\Users\ETI\STM32CubeIDE\workspace_1.18.1\MEGA_BESS\IAR\Certification_ESS_MLEC_R0.0\EWARM\Certification_ESS_MLEC_R0.0\Obj\STM32F4xx_HAL_Driver_1244631019742807970.dir\stm32f4xx_hal.o
#        C:\Users\ETI\STM32CubeIDE\workspace_1.18.1\MEGA_BESS\IAR\Certification_ESS_MLEC_R0.0\EWARM\Certification_ESS_MLEC_R0.0\Obj\STM32F4xx_HAL_Driver_1244631019742807970.dir\stm32f4xx_hal_adc.o
#        C:\Users\ETI\STM32CubeIDE\workspace_1.18.1\MEGA_BESS\IAR\Certification_ESS_MLEC_R0.0\EWARM\Certification_ESS_MLEC_R0.0\Obj\STM32F4xx_HAL_Driver_1244631019742807970.dir\stm32f4xx_hal_adc_ex.o
#        C:\Users\ETI\STM32CubeIDE\workspace_1.18.1\MEGA_BESS\IAR\Certification_ESS_MLEC_R0.0\EWARM\Certification_ESS_MLEC_R0.0\Obj\STM32F4xx_HAL_Driver_1244631019742807970.dir\stm32f4xx_hal_can.o
#        C:\Users\ETI\STM32CubeIDE\workspace_1.18.1\MEGA_BESS\IAR\Certification_ESS_MLEC_R0.0\EWARM\Certification_ESS_MLEC_R0.0\Obj\STM32F4xx_HAL_Driver_1244631019742807970.dir\stm32f4xx_hal_cortex.o
#        C:\Users\ETI\STM32CubeIDE\workspace_1.18.1\MEGA_BESS\IAR\Certification_ESS_MLEC_R0.0\EWARM\Certification_ESS_MLEC_R0.0\Obj\STM32F4xx_HAL_Driver_1244631019742807970.dir\stm32f4xx_hal_crc.o
#        C:\Users\ETI\STM32CubeIDE\workspace_1.18.1\MEGA_BESS\IAR\Certification_ESS_MLEC_R0.0\EWARM\Certification_ESS_MLEC_R0.0\Obj\STM32F4xx_HAL_Driver_1244631019742807970.dir\stm32f4xx_hal_dma.o
#        C:\Users\ETI\STM32CubeIDE\workspace_1.18.1\MEGA_BESS\IAR\Certification_ESS_MLEC_R0.0\EWARM\Certification_ESS_MLEC_R0.0\Obj\STM32F4xx_HAL_Driver_1244631019742807970.dir\stm32f4xx_hal_dma_ex.o
#        C:\Users\ETI\STM32CubeIDE\workspace_1.18.1\MEGA_BESS\IAR\Certification_ESS_MLEC_R0.0\EWARM\Certification_ESS_MLEC_R0.0\Obj\STM32F4xx_HAL_Driver_1244631019742807970.dir\stm32f4xx_hal_exti.o
#        C:\Users\ETI\STM32CubeIDE\workspace_1.18.1\MEGA_BESS\IAR\Certification_ESS_MLEC_R0.0\EWARM\Certification_ESS_MLEC_R0.0\Obj\STM32F4xx_HAL_Driver_1244631019742807970.dir\stm32f4xx_hal_flash.o
#        C:\Users\ETI\STM32CubeIDE\workspace_1.18.1\MEGA_BESS\IAR\Certification_ESS_MLEC_R0.0\EWARM\Certification_ESS_MLEC_R0.0\Obj\STM32F4xx_HAL_Driver_1244631019742807970.dir\stm32f4xx_hal_flash_ex.o
#        C:\Users\ETI\STM32CubeIDE\workspace_1.18.1\MEGA_BESS\IAR\Certification_ESS_MLEC_R0.0\EWARM\Certification_ESS_MLEC_R0.0\Obj\STM32F4xx_HAL_Driver_1244631019742807970.dir\stm32f4xx_hal_flash_ramfunc.o
#        C:\Users\ETI\STM32CubeIDE\workspace_1.18.1\MEGA_BESS\IAR\Certification_ESS_MLEC_R0.0\EWARM\Certification_ESS_MLEC_R0.0\Obj\STM32F4xx_HAL_Driver_1244631019742807970.dir\stm32f4xx_hal_gpio.o
#        C:\Users\ETI\STM32CubeIDE\workspace_1.18.1\MEGA_BESS\IAR\Certification_ESS_MLEC_R0.0\EWARM\Certification_ESS_MLEC_R0.0\Obj\STM32F4xx_HAL_Driver_1244631019742807970.dir\stm32f4xx_hal_iwdg.o
#        C:\Users\ETI\STM32CubeIDE\workspace_1.18.1\MEGA_BESS\IAR\Certification_ESS_MLEC_R0.0\EWARM\Certification_ESS_MLEC_R0.0\Obj\Core_13247989168731456611.dir\stm32f4xx_hal_msp.o
#        C:\Users\ETI\STM32CubeIDE\workspace_1.18.1\MEGA_BESS\IAR\Certification_ESS_MLEC_R0.0\EWARM\Certification_ESS_MLEC_R0.0\Obj\STM32F4xx_HAL_Driver_1244631019742807970.dir\stm32f4xx_hal_pwr.o
#        C:\Users\ETI\STM32CubeIDE\workspace_1.18.1\MEGA_BESS\IAR\Certification_ESS_MLEC_R0.0\EWARM\Certification_ESS_MLEC_R0.0\Obj\STM32F4xx_HAL_Driver_1244631019742807970.dir\stm32f4xx_hal_pwr_ex.o
#        C:\Users\ETI\STM32CubeIDE\workspace_1.18.1\MEGA_BESS\IAR\Certification_ESS_MLEC_R0.0\EWARM\Certification_ESS_MLEC_R0.0\Obj\STM32F4xx_HAL_Driver_1244631019742807970.dir\stm32f4xx_hal_rcc.o
#        C:\Users\ETI\STM32CubeIDE\workspace_1.18.1\MEGA_BESS\IAR\Certification_ESS_MLEC_R0.0\EWARM\Certification_ESS_MLEC_R0.0\Obj\STM32F4xx_HAL_Driver_1244631019742807970.dir\stm32f4xx_hal_rcc_ex.o
#        C:\Users\ETI\STM32CubeIDE\workspace_1.18.1\MEGA_BESS\IAR\Certification_ESS_MLEC_R0.0\EWARM\Certification_ESS_MLEC_R0.0\Obj\STM32F4xx_HAL_Driver_1244631019742807970.dir\stm32f4xx_hal_rtc.o
#        C:\Users\ETI\STM32CubeIDE\workspace_1.18.1\MEGA_BESS\IAR\Certification_ESS_MLEC_R0.0\EWARM\Certification_ESS_MLEC_R0.0\Obj\STM32F4xx_HAL_Driver_1244631019742807970.dir\stm32f4xx_hal_rtc_ex.o
#        C:\Users\ETI\STM32CubeIDE\workspace_1.18.1\MEGA_BESS\IAR\Certification_ESS_MLEC_R0.0\EWARM\Certification_ESS_MLEC_R0.0\Obj\STM32F4xx_HAL_Driver_1244631019742807970.dir\stm32f4xx_hal_spi.o
#        C:\Users\ETI\STM32CubeIDE\workspace_1.18.1\MEGA_BESS\IAR\Certification_ESS_MLEC_R0.0\EWARM\Certification_ESS_MLEC_R0.0\Obj\STM32F4xx_HAL_Driver_1244631019742807970.dir\stm32f4xx_hal_tim.o
#        C:\Users\ETI\STM32CubeIDE\workspace_1.18.1\MEGA_BESS\IAR\Certification_ESS_MLEC_R0.0\EWARM\Certification_ESS_MLEC_R0.0\Obj\STM32F4xx_HAL_Driver_1244631019742807970.dir\stm32f4xx_hal_tim_ex.o
#        C:\Users\ETI\STM32CubeIDE\workspace_1.18.1\MEGA_BESS\IAR\Certification_ESS_MLEC_R0.0\EWARM\Certification_ESS_MLEC_R0.0\Obj\Core_13247989168731456611.dir\stm32f4xx_it.o
#        C:\Users\ETI\STM32CubeIDE\workspace_1.18.1\MEGA_BESS\IAR\Certification_ESS_MLEC_R0.0\EWARM\Certification_ESS_MLEC_R0.0\Obj\STM32F4xx_HAL_Driver_1244631019742807970.dir\stm32f4xx_ll_adc.o
#        C:\Users\ETI\STM32CubeIDE\workspace_1.18.1\MEGA_BESS\IAR\Certification_ESS_MLEC_R0.0\EWARM\Certification_ESS_MLEC_R0.0\Obj\CMSIS_6603591812247902717.dir\system_stm32f4xx.o
#        C:\Users\ETI\STM32CubeIDE\workspace_1.18.1\MEGA_BESS\IAR\Certification_ESS_MLEC_R0.0\EWARM\Certification_ESS_MLEC_R0.0\Obj\Core_13247989168731456611.dir\tim.o
#        --no_out_extension -o
#        C:\Users\ETI\STM32CubeIDE\workspace_1.18.1\MEGA_BESS\IAR\Certification_ESS_MLEC_R0.0\EWARM\Certification_ESS_MLEC_R0.0\Exe\Certification_ESS_MLEC_R0.0.out
#        --redirect _Printf=_PrintfFullNoMb --redirect _Scanf=_ScanfFullNoMb
#        --map
#        C:\Users\ETI\STM32CubeIDE\workspace_1.18.1\MEGA_BESS\IAR\Certification_ESS_MLEC_R0.0\EWARM\Certification_ESS_MLEC_R0.0\List\Certification_ESS_MLEC_R0.0.map
#        --log call_graph,merging --log_file
#        C:\Users\ETI\STM32CubeIDE\workspace_1.18.1\MEGA_BESS\IAR\Certification_ESS_MLEC_R0.0\EWARM\Certification_ESS_MLEC_R0.0\List\Certification_ESS_MLEC_R0.0.log
#        --config
#        C:\Users\ETI\STM32CubeIDE\workspace_1.18.1\MEGA_BESS\IAR\Certification_ESS_MLEC_R0.0\EWARM/stm32f407xx_flash.icf
#        --semihosting
#        C:\Users\ETI\STM32CubeIDE\workspace_1.18.1\MEGA_BESS\IAR\Certification_ESS_MLEC_R0.0\EWARM\..\STL\Lib\STL_Lib.a
#        --entry __iar_program_start --vfe --text_out locale --cpu=Cortex-M4
#        --fpu=VFPv4_sp) --dependencies=n
#        C:\Users\ETI\STM32CubeIDE\workspace_1.18.1\MEGA_BESS\IAR\Certification_ESS_MLEC_R0.0\EWARM\Certification_ESS_MLEC_R0.0\Exe\Certification_ESS_MLEC_R0.0.out.iar_deps
#
###############################################################################

*******************************************************************************
*** RUNTIME MODEL ATTRIBUTES
***

CppFlavor       = *
__CPP_Runtime   = 1
__SystemLibrary = DLib
__dlib_version  = 6


*******************************************************************************
*** HEAP SELECTION
***

The basic heap was selected because --advanced_heap
was not specified and the application did not appear to
be primarily optimized for speed.


*******************************************************************************
*** PLACEMENT SUMMARY
***

"A0":  place at address 0x800'0000 { ro section .intvec };
define block ROM_CONTENT with fixed order, end alignment = 4 { ro };
"P1":  place in [from 0x800'0000 to 0x80f'ffff] { block ROM_CONTENT };
"P2":  place in [from 0x807'f000 to 0x807'f003] { section .classb_crc };
define block CSTACK with size = 1K, alignment = 8 { };
define block HEAP with size = 512, alignment = 8 { };
"P3":  place in [from 0x2000'0000 to 0x2000'ffff] {
          rw, block CSTACK, block HEAP };
"P4":  place in [from 0x2001'0000 to 0x2001'ffff] { section .classb };
initialize by copy { rw };

  Section                Kind         Address  Aligment      Size  Object
  -------                ----         -------  --------      ----  ------
"A0":                                                       0x188
  .intvec                ro code   0x800'0000         4     0x188  startup_stm32f407xx.o [3]
                                 - 0x800'0188               0x188

"P1":                                                    0x1'a900
  ROM_CONTENT                      0x800'0188            0x1'a900  <Block>
    .rodata              const     0x800'0188         4      0x44  Api_Adbms.o [7]
    .rodata              const     0x800'01cc         4     0x130  Api_BoardTemp.o [7]
    .rodata              const     0x800'02fc         4      0x3c  Api_IsoR.o [7]
    .rodata              const     0x800'0338         4      0x20  Api_IsoR.o [7]
    .rodata              const     0x800'0358         4     0x368  Api_IsoR.o [7]
    .rodata              const     0x800'06c0         4      0x34  App_CurrLimit.o [6]
    .rodata              const     0x800'06f4         4      0x20  App_CurrLimit.o [6]
    .rodata              const     0x800'0714         4     0x1a0  App_CurrLimit.o [6]
    .rodata              const     0x800'08b4         4     0x1a0  App_CurrLimit.o [6]
    .rodata              const     0x800'0a54         4     0x1a0  App_CurrLimit.o [6]
    .rodata              const     0x800'0bf4         4     0x1a0  App_CurrLimit.o [6]
    .rodata              const     0x800'0d94         4      0x34  App_CurrLimit.o [6]
    .rodata              const     0x800'0dc8         4      0x20  App_CurrLimit.o [6]
    .rodata              const     0x800'0de8         4       0xc  App_Diag.o [6]
    .rodata              const     0x800'0df4         4       0x8  App_Diag.o [6]
    .rodata              const     0x800'0dfc         4     0x150  App_Soc.o [6]
    .rodata              const     0x800'0f4c         4      0x10  App_Soc.o [6]
    .rodata              const     0x800'0f5c         4     0x150  App_Soc.o [6]
    .rodata              const     0x800'10ac         4      0x34  App_Soh.o [6]
    .rodata              const     0x800'10e0         4     0x200  Drv_Adbms6815.o [9]
    .rodata              const     0x800'12e0         4     0x200  Drv_Adbms6815.o [9]
    .rodata              const     0x800'14e0         4     0x100  Lib_CRC.o [8]
    .rodata              const     0x800'15e0         4     0x100  Lib_CRC.o [8]
    .rodata              const     0x800'16e0         4      0x10  system_stm32f4xx.o [1]
    .rodata              const     0x800'16f0         4       0xc  stl_sch_main.o [10]
    .rodata              const     0x800'16fc         4       0x4  stl_sch_main.o [10]
    .rodata              const     0x800'1700         4      0x18  stl_sch_main.o [10]
    .rodata              const     0x800'1718         4     0x400  stl_tm_cpu.o [10]
    .rodata              const     0x800'1b18         4      0x18  stl_tm_cpu_1l.o [10]
    .rodata              const     0x800'1b30         4      0x60  stl_tm_cpu_1l.o [10]
    .rodata              const     0x800'1b90         4      0x40  stl_tm_cpu_7.o [10]
    .rodata              const     0x800'1bd0         4      0x40  stl_tm_cpu_7.o [10]
    .rodata              const     0x800'1c10         4       0x4  stl_tm_cpu_cb.o [10]
    .rodata              const     0x800'1c14         4      0x24  stl_tm_ram.o [10]
    .rodata              const     0x800'1c38         4       0xc  stl_tm_cpu_7p_stack_ptr.o [10]
    .text                ro code   0x800'1c44         4     0x134  adc.o [2]
    .text                ro code   0x800'1d78         4      0x66  ABImemset.o [13]
    .text                ro code   0x800'1dde         2      0x7e  lz77_init_single.o [13]
    .text                ro code   0x800'1e5c         4     0x58c  stm32f4xx_hal_adc.o [5]
    .text                ro code   0x800'23e8         4     0x128  main.o [2]
    .text                ro code   0x800'2510         4     0x224  stm32f4xx_hal_adc_ex.o [5]
    .text                ro code   0x800'2734         4     0x2a0  stm32f4xx_hal_gpio.o [5]
    .text                ro code   0x800'29d4         4       0xc  stm32f4xx_hal.o [5]
    .text                ro code   0x800'29e0         4      0x34  stm32f4xx_hal.o [5]
    .text                ro code   0x800'2a14         4     0x20c  gpio.o [2]
    .text                ro code   0x800'2c20         4      0xd4  can.o [2]
    .text                ro code   0x800'2cf4         4     0x214  spi.o [2]
    .text                ro code   0x800'2f08         4      0x70  rtc.o [2]
    .text                ro code   0x800'2f78         4      0x5c  crc.o [2]
    .text                ro code   0x800'2fd4         4      0xf0  tim.o [2]
    .text                ro code   0x800'30c4         4      0x28  iwdg.o [2]
    .text                ro code   0x800'30ec         4    0x3868  App_Diag.o [6]
    .text                ro code   0x800'6954         2      0x14  App_Main.o [6]
    .text                ro code   0x800'6968         4     0x3e4  stm32f4xx_hal_rcc.o [5]
    .text                ro code   0x800'6d4c         4     0x160  stm32f4xx_hal_rcc.o [5]
    .text                ro code   0x800'6eac         4     0x15c  stm32f4xx_hal_cortex.o [5]
    .text                ro code   0x800'7008         4      0x4c  stm32f4xx_hal.o [5]
    .text                ro code   0x800'7054         4      0x40  stm32f4xx_hal_msp.o [2]
    .text                ro code   0x800'7094         4     0x85e  stm32f4xx_hal_can.o [5]
    .text                ro code   0x800'78f4         4     0x9ac  stm32f4xx_hal_spi.o [5]
    .text                ro code   0x800'82a0         4     0x432  stm32f4xx_hal_rtc.o [5]
    .text                ro code   0x800'86d4         4     0x160  stm32f4xx_hal_rcc_ex.o [5]
    .text                ro code   0x800'8834         2      0x96  stm32f4xx_hal_crc.o [5]
    .text                ro code   0x800'88cc         4     0x70e  stm32f4xx_hal_tim.o [5]
    .text                ro code   0x800'8fdc         4      0xd2  stm32f4xx_hal_tim_ex.o [5]
    .text                ro code   0x800'90ae         2      0x6e  stm32f4xx_hal_iwdg.o [5]
    .text                ro code   0x800'911c         4     0x2f0  Drv_Parameter.o [9]
    .text                ro code   0x800'940c         4    0x16d4  Api_Adbms.o [7]
    .text                ro code   0x800'aae0         4     0x288  Api_PackVolt.o [7]
    .text                ro code   0x800'ad68         4     0xaec  Api_Curr.o [7]
    .text                ro code   0x800'b854         4     0xa3c  Api_IsoR.o [7]
    .text                ro code   0x800'c290         4      0xb0  Api_AuxVolt.o [7]
    .text                ro code   0x800'c340         2      0x42  Api_HvilEpo.o [7]
    .text                ro code   0x800'c384         4     0xddc  App_EepromEx.o [6]
    .text                ro code   0x800'd160         4      0x10  Api_ManaMsm.o [7]
    .text                ro code   0x800'd170         4     0x904  App_CurrLimit.o [6]
    .text                ro code   0x800'da74         4    0x3ba6  Drv_Adbms6815.o [9]
    .text                ro code   0x801'161c         4     0x520  App_CanUiRx.o [6]
    .text                ro code   0x801'1b3c         4     0x6e8  App_Relay.o [6]
    .text                ro code   0x801'2224         4    0x10f0  App_Soc.o [6]
    .text                ro code   0x801'3314         4     0x10c  Api_Ref5v.o [7]
    .text                ro code   0x801'3420         4      0xa0  Drv_Fan.o [9]
    .text                ro code   0x801'34c0         4     0x210  Drv_Relay.o [9]
    .text                ro code   0x801'36d0         4      0x28  stm32f4xx_hal.o [5]
    .text                ro code   0x801'36f8         4     0x2bc  Drv_Can.o [9]
    .text                ro code   0x801'39b4         4     0x128  Drv_Led.o [9]
    .text                ro code   0x801'3adc         4     0x370  stl_sch_main.o [10]
    .text                ro code   0x801'3e4c         4      0x4c  Drv_Init.o [9]
    .text                ro code   0x801'3e98         2      0x18  Api_Init.o [7]
    .text                ro code   0x801'3eb0         4     0x164  App_Init.o [6]
    .text                ro code   0x801'4014         4     0x10c  Api_Task.o [7]
    .text                ro code   0x801'4120         4      0x94  stm32f4xx_hal_rcc.o [5]
    .text                ro code   0x801'41b4         2       0x2  stm32f4xx_hal_can.o [5]
    .text                ro code   0x801'41b6         2       0x2  stm32f4xx_hal_can.o [5]
    .text                ro code   0x801'41b8         2       0x2  stm32f4xx_hal_can.o [5]
    .text                ro code   0x801'41ba         2       0x2  stm32f4xx_hal_can.o [5]
    .text                ro code   0x801'41bc         2       0x2  stm32f4xx_hal_can.o [5]
    .text                ro code   0x801'41be         2       0x2  stm32f4xx_hal_can.o [5]
    .text                ro code   0x801'41c0         2       0x2  stm32f4xx_hal_can.o [5]
    .text                ro code   0x801'41c2         2       0x2  stm32f4xx_hal_can.o [5]
    .text                ro code   0x801'41c4         2       0x2  stm32f4xx_hal_can.o [5]
    .text                ro code   0x801'41c6         2       0x2  stm32f4xx_hal_can.o [5]
    .text                ro code   0x801'41c8         2       0x2  stm32f4xx_hal_can.o [5]
    .text                ro code   0x801'41ca         2       0x2  stm32f4xx_hal_tim.o [5]
    .text                ro code   0x801'41cc         4      0xa6  ABImemcpy.o [13]
    .text                ro code   0x801'4274         4     0x190  Drv_Dio.o [9]
    .text                ro code   0x801'4404         4      0x94  Drv_AdcEx.o [9]
    .text                ro code   0x801'4498         4      0x40  Api_Calibdata.o [7]
    .text                ro code   0x801'44d8         4     0x998  App_Warranty.o [6]
    .text                ro code   0x801'4e70         4     0xd9c  App_CalibData.o [6]
    .text                ro code   0x801'5c0c         4     0x170  Drv_EepromEx.o [9]
    .text                ro code   0x801'5d7c         4      0xd0  Lib_CRC.o [8]
    .text                ro code   0x801'5e4c         4     0x1fc  App_Ir.o [6]
    .text                ro code   0x801'6048         2      0x54  Lib_queue.o [8]
    .text                ro code   0x801'609c         4      0x2c  Drv_Delay.o [9]
    .text                ro code   0x801'60c8         2      0x54  Drv_Spi.o [9]
    .text                ro code   0x801'611c         4     0x174  App_Fan.o [6]
    .text                ro code   0x801'6290         4    0x1b10  App_CanVcuTx.o [6]
    .text                ro code   0x801'7da0         4     0x410  App_Soh.o [6]
    .text                ro code   0x801'81b0         4      0x82  stl_util.o [4]
    .text                ro code   0x801'8234         4     0x290  stl_tm_ram.o [10]
    .text                ro code   0x801'84c4         4      0x34  stl_tm_cpu.o [10]
    .text                ro code   0x801'84f8         4      0x2c  Drv_Tick.o [9]
    .text                ro code   0x801'8524         4      0x28  Drv_Dwt.o [9]
    .text                ro code   0x801'854c         4      0x34  Drv_Wdt.o [9]
    .text                ro code   0x801'8580         2       0x8  App_ConfigData.o [6]
    .text                ro code   0x801'8588         4     0x534  App_CellBalance.o [6]
    .text                ro code   0x801'8abc         4     0x448  App_ManaMsm.o [6]
    .text                ro code   0x801'8f04         4     0x164  App_Task.o [6]
    .text                ro code   0x801'9068         4     0x230  I64DivMod.o [13]
    .text                ro code   0x801'9298         4     0x1a0  Api_BoardTemp.o [7]
    .text                ro code   0x801'9438         4     0x1a4  App_Soue.o [6]
    .text                ro code   0x801'95dc         4     0x570  App_TRunaway.o [6]
    .text                ro code   0x801'9b4c         4     0x25c  stl_tm_ram_march-c_test.o [10]
    .text                ro code   0x801'9da8         4     0x15c  Api_CtrlLed.o [7]
    .text                ro code   0x801'9f04         4       0x2  I64DivZer.o [13]
    .text                ro code   0x801'9f08         4      0xc8  Api_AdcIn.o [7]
    .text                ro code   0x801'9fd0         4      0x96  ABImemmove.o [13]
    .text                ro code   0x801'a068         4      0x10  startup_stm32f407xx.o [3]
    .text                ro code   0x801'a078         4      0x18  stm32f4xx_hal.o [5]
    .text                ro code   0x801'a090         4      0x28  stm32f4xx_it.o [2]
    .text                ro code   0x801'a0b8         4      0x10  system_stm32f4xx.o [1]
    .text                ro code   0x801'a0c8         4      0x94  stl_crc_calc_asm.o [10]
    .text                ro code   0x801'a15c         4     0x148  stl_tm_cpu_1l.o [10]
    .text                ro code   0x801'a2a4         4     0x1ac  stl_tm_cpu_1l_reg.o [10]
    .text                ro code   0x801'a450         4      0xb0  stl_tm_cpu_7.o [10]
    .text                ro code   0x801'a500         4     0x12c  stl_tm_cpu_7p_stack_ptr.o [10]
    .text                ro code   0x801'a62c         4      0x1c  stl_util_core.o [10]
    .text                ro code   0x801'a648         4       0xc  stl_util_core_asm.o [10]
    .text                ro code   0x801'a654         4      0x58  stl_tm_cpu_cb.o [10]
    .text                ro code   0x801'a6ac         4      0xe0  stl_tm_cpu_cb_stsGE_reg.o [10]
    .text                ro code   0x801'a78c         4      0x1c  cstartup_M.o [13]
    .text                ro code   0x801'a7a8         4      0x22  fpinit_M.o [12]
    .text                ro code   0x801'a7cc         4      0x1e  cmain.o [13]
    .text                ro code   0x801'a7ea         2       0x4  low_level_init.o [11]
    .text                ro code   0x801'a7f0         4      0x2a  data_init.o [13]
    .text                ro code   0x801'a81a         2       0x4  exit.o [11]
    .text                ro code   0x801'a820         4       0xa  cexit.o [13]
    .text                ro code   0x801'a82c         4      0x14  exit.o [14]
    .text                ro code   0x801'a840         2       0x4  startup_stm32f407xx.o [3]
    .text                ro code   0x801'a844         2       0x4  startup_stm32f407xx.o [3]
    .text                ro code   0x801'a848         2       0x4  startup_stm32f407xx.o [3]
    .text                ro code   0x801'a84c         2       0x4  startup_stm32f407xx.o [3]
    .text                ro code   0x801'a850         2       0x4  startup_stm32f407xx.o [3]
    .text                ro code   0x801'a854         2       0x4  startup_stm32f407xx.o [3]
    .text                ro code   0x801'a858         2       0x4  startup_stm32f407xx.o [3]
    .text                ro code   0x801'a85c         2       0x4  startup_stm32f407xx.o [3]
    .text                ro code   0x801'a860         2       0x4  startup_stm32f407xx.o [3]
    .text                ro code   0x801'a864         2       0x4  startup_stm32f407xx.o [3]
    .text                ro code   0x801'a868         2       0x4  startup_stm32f407xx.o [3]
    .text                ro code   0x801'a86c         2       0x4  startup_stm32f407xx.o [3]
    .text                ro code   0x801'a870         2       0x4  startup_stm32f407xx.o [3]
    .text                ro code   0x801'a874         2       0x4  startup_stm32f407xx.o [3]
    .text                ro code   0x801'a878         2       0x4  startup_stm32f407xx.o [3]
    .text                ro code   0x801'a87c         2       0x4  startup_stm32f407xx.o [3]
    .text                ro code   0x801'a880         2       0x4  startup_stm32f407xx.o [3]
    .text                ro code   0x801'a884         2       0x4  startup_stm32f407xx.o [3]
    .text                ro code   0x801'a888         2       0x4  startup_stm32f407xx.o [3]
    .text                ro code   0x801'a88c         2       0x4  startup_stm32f407xx.o [3]
    .text                ro code   0x801'a890         2       0x4  startup_stm32f407xx.o [3]
    .text                ro code   0x801'a894         2       0x4  startup_stm32f407xx.o [3]
    .text                ro code   0x801'a898         2       0x4  startup_stm32f407xx.o [3]
    .text                ro code   0x801'a89c         2       0x4  startup_stm32f407xx.o [3]
    .text                ro code   0x801'a8a0         2       0x4  startup_stm32f407xx.o [3]
    .text                ro code   0x801'a8a4         2       0x4  startup_stm32f407xx.o [3]
    .text                ro code   0x801'a8a8         2       0x4  startup_stm32f407xx.o [3]
    .text                ro code   0x801'a8ac         2       0x4  startup_stm32f407xx.o [3]
    .text                ro code   0x801'a8b0         2       0x4  startup_stm32f407xx.o [3]
    .text                ro code   0x801'a8b4         2       0x4  startup_stm32f407xx.o [3]
    .text                ro code   0x801'a8b8         2       0x4  startup_stm32f407xx.o [3]
    .text                ro code   0x801'a8bc         2       0x4  startup_stm32f407xx.o [3]
    .text                ro code   0x801'a8c0         2       0x4  startup_stm32f407xx.o [3]
    .text                ro code   0x801'a8c4         2       0x4  startup_stm32f407xx.o [3]
    .text                ro code   0x801'a8c8         2       0x4  startup_stm32f407xx.o [3]
    .text                ro code   0x801'a8cc         2       0x4  startup_stm32f407xx.o [3]
    .text                ro code   0x801'a8d0         2       0x4  startup_stm32f407xx.o [3]
    .text                ro code   0x801'a8d4         2       0x4  startup_stm32f407xx.o [3]
    .text                ro code   0x801'a8d8         2       0x4  startup_stm32f407xx.o [3]
    .text                ro code   0x801'a8dc         2       0x4  startup_stm32f407xx.o [3]
    .text                ro code   0x801'a8e0         2       0x4  startup_stm32f407xx.o [3]
    .text                ro code   0x801'a8e4         2       0x4  startup_stm32f407xx.o [3]
    .text                ro code   0x801'a8e8         2       0x4  startup_stm32f407xx.o [3]
    .text                ro code   0x801'a8ec         2       0x4  startup_stm32f407xx.o [3]
    .text                ro code   0x801'a8f0         2       0x4  startup_stm32f407xx.o [3]
    .text                ro code   0x801'a8f4         2       0x4  startup_stm32f407xx.o [3]
    .text                ro code   0x801'a8f8         2       0x4  startup_stm32f407xx.o [3]
    .text                ro code   0x801'a8fc         2       0x4  startup_stm32f407xx.o [3]
    .text                ro code   0x801'a900         2       0x4  startup_stm32f407xx.o [3]
    .text                ro code   0x801'a904         2       0x4  startup_stm32f407xx.o [3]
    .text                ro code   0x801'a908         2       0x4  startup_stm32f407xx.o [3]
    .text                ro code   0x801'a90c         2       0x4  startup_stm32f407xx.o [3]
    .text                ro code   0x801'a910         2       0x4  startup_stm32f407xx.o [3]
    .text                ro code   0x801'a914         2       0x4  startup_stm32f407xx.o [3]
    .text                ro code   0x801'a918         2       0x4  startup_stm32f407xx.o [3]
    .text                ro code   0x801'a91c         2       0x4  startup_stm32f407xx.o [3]
    .text                ro code   0x801'a920         2       0x4  startup_stm32f407xx.o [3]
    .text                ro code   0x801'a924         2       0x4  startup_stm32f407xx.o [3]
    .text                ro code   0x801'a928         2       0x4  startup_stm32f407xx.o [3]
    .text                ro code   0x801'a92c         2       0x4  startup_stm32f407xx.o [3]
    .text                ro code   0x801'a930         2       0x4  startup_stm32f407xx.o [3]
    .text                ro code   0x801'a934         2       0x4  startup_stm32f407xx.o [3]
    .text                ro code   0x801'a938         2       0x4  startup_stm32f407xx.o [3]
    .text                ro code   0x801'a93c         2       0x4  startup_stm32f407xx.o [3]
    .text                ro code   0x801'a940         2       0x4  startup_stm32f407xx.o [3]
    .text                ro code   0x801'a944         2       0x4  startup_stm32f407xx.o [3]
    .text                ro code   0x801'a948         2       0x4  startup_stm32f407xx.o [3]
    .text                ro code   0x801'a94c         2       0x4  startup_stm32f407xx.o [3]
    .text                ro code   0x801'a950         2       0x4  startup_stm32f407xx.o [3]
    .text                ro code   0x801'a954         2       0x4  startup_stm32f407xx.o [3]
    .text                ro code   0x801'a958         2       0x4  startup_stm32f407xx.o [3]
    .text                ro code   0x801'a95c         2       0x4  startup_stm32f407xx.o [3]
    .text                ro code   0x801'a960         2       0x4  startup_stm32f407xx.o [3]
    .text                ro code   0x801'a964         2       0x4  startup_stm32f407xx.o [3]
    .text                ro code   0x801'a968         2       0x4  startup_stm32f407xx.o [3]
    .text                ro code   0x801'a96c         2       0x4  startup_stm32f407xx.o [3]
    .text                ro code   0x801'a970         2       0x4  startup_stm32f407xx.o [3]
    .text                ro code   0x801'a974         2       0x4  startup_stm32f407xx.o [3]
    .text                ro code   0x801'a978         2       0x4  startup_stm32f407xx.o [3]
    .text                ro code   0x801'a97c         2      0x38  zero_init3.o [13]
    .iar.init_table      const     0x801'a9b4         4      0x28  - Linker created -
    .rodata              const     0x801'a9dc                 0x0  zero_init3.o [13]
    .rodata              const     0x801'a9dc                 0x0  lz77_init_single.o [13]
    Initializer bytes    const     0x801'a9dc                0xac  <for P3-1>
                                 - 0x801'aa88            0x1'a900

"P2":                                                         0x4
  .classb_crc            const     0x807'f000         4       0x4  App_Diag.o [6]
                                 - 0x807'f004                 0x4

"P3", part 1 of 3:                                          0x1d7
  P3-1                            0x2000'0000               0x1d7  <Init block>
    .data                inited   0x2000'0000         4     0x108  App_CanVcuTx.o [6]
    .data                inited   0x2000'0108         4      0x18  Drv_Led.o [9]
    .data                inited   0x2000'0120         4       0x4  stl_user_param_template.o [4]
    .data                inited   0x2000'0124         4       0x4  stm32f4xx_hal.o [5]
    .data                inited   0x2000'0128         4       0x4  system_stm32f4xx.o [1]
    .data                inited   0x2000'012c         4      0x50  stl_sch_main.o [10]
    .data                inited   0x2000'017c         4      0x40  stl_tm_cpu_7.o [10]
    .data                inited   0x2000'01bc         4      0x14  stl_tm_ram.o [10]
    .data                inited   0x2000'01d0         2       0x2  App_CurrLimit.o [6]
    .data                inited   0x2000'01d2         2       0x2  App_CurrLimit.o [6]
    .data                inited   0x2000'01d4                 0x1  App_CellBalance.o [6]
    .data                inited   0x2000'01d5                 0x1  App_ManaMsm.o [6]
    .data                inited   0x2000'01d6                 0x1  stm32f4xx_hal.o [5]
                                - 0x2000'01d7               0x1d7

"P3", part 2 of 3:                                          0xa70
  .bss                   zero     0x2000'01d8         4     0x24c  App_TRunaway.o [6]
  .bss                   zero     0x2000'0424         4     0x128  App_TRunaway.o [6]
  .bss                   zero     0x2000'054c         4      0xb8  App_CellBalance.o [6]
  .bss                   zero     0x2000'0604         4      0x60  App_Warranty.o [6]
  .bss                   zero     0x2000'0664         4      0x60  App_Warranty.o [6]
  .bss                   zero     0x2000'06c4         4      0x58  spi.o [2]
  .bss                   zero     0x2000'071c         4      0x58  spi.o [2]
  .bss                   zero     0x2000'0774         4      0x58  spi.o [2]
  .bss                   zero     0x2000'07cc         4      0x48  adc.o [2]
  .bss                   zero     0x2000'0814         4      0x48  tim.o [2]
  .bss                   zero     0x2000'085c         4      0x40  App_Ir.o [6]
  .bss                   zero     0x2000'089c         4      0x38  App_CanVcuTx.o [6]
  .bss                   zero     0x2000'08d4         4      0x38  App_CurrLimit.o [6]
  .bss                   zero     0x2000'090c         4      0x38  App_EepromEx.o [6]
  .bss                   zero     0x2000'0944         4      0x38  App_Soc.o [6]
  .bss                   zero     0x2000'097c         4      0x28  can.o [2]
  .bss                   zero     0x2000'09a4         4      0x20  Api_BoardTemp.o [7]
  .bss                   zero     0x2000'09c4         4      0x20  rtc.o [2]
  backup_buffer_section  zero     0x2000'09e4         4      0x20  stl_user_param_template.o [4]
  .bss                   zero     0x2000'0a04         4      0x18  App_CanVcuTx.o [6]
  .bss                   zero     0x2000'0a1c         4      0x18  App_Diag.o [6]
  .bss                   zero     0x2000'0a34         4      0x14  Drv_Can.o [9]
  .bss                   zero     0x2000'0a48         4      0x14  Drv_Can.o [9]
  .bss                   zero     0x2000'0a5c         4      0x10  App_Soh.o [6]
  .bss                   zero     0x2000'0a6c         4      0x10  App_Soue.o [6]
  .bss                   zero     0x2000'0a7c         4       0xc  App_TRunaway.o [6]
  .bss                   zero     0x2000'0a88         4       0xc  iwdg.o [2]
  .bss                   zero     0x2000'0a94         4       0x8  App_CanUiRx.o [6]
  .bss                   zero     0x2000'0a9c         4       0x8  App_CanUiRx.o [6]
  .bss                   zero     0x2000'0aa4         4       0x8  App_CanUiRx.o [6]
  .bss                   zero     0x2000'0aac         4       0x8  App_CanUiRx.o [6]
  .bss                   zero     0x2000'0ab4         4       0x8  App_CanUiRx.o [6]
  .bss                   zero     0x2000'0abc         4       0x8  App_CanUiRx.o [6]
  .bss                   zero     0x2000'0ac4         4       0x8  App_CanUiRx.o [6]
  .bss                   zero     0x2000'0acc         4       0x8  App_CanUiRx.o [6]
  .bss                   zero     0x2000'0ad4         4       0x8  App_Fan.o [6]
  .bss                   zero     0x2000'0adc         4       0x8  crc.o [2]
  .bss                   zero     0x2000'0ae4         4       0x4  Api_AuxVolt.o [7]
  .bss                   zero     0x2000'0ae8         4       0x4  App_CanUiRx.o [6]
  .bss                   zero     0x2000'0aec         4       0x4  App_Diag.o [6]
  .bss                   zero     0x2000'0af0         4       0x4  App_Diag.o [6]
  .bss                   zero     0x2000'0af4         4       0x4  App_EepromEx.o [6]
  .bss                   zero     0x2000'0af8         4       0x4  App_EepromEx.o [6]
  .bss                   zero     0x2000'0afc         4       0x4  App_EepromEx.o [6]
  .bss                   zero     0x2000'0b00         4       0x4  App_EepromEx.o [6]
  .bss                   zero     0x2000'0b04         4       0x4  App_EepromEx.o [6]
  .bss                   zero     0x2000'0b08         4       0x4  App_EepromEx.o [6]
  .bss                   zero     0x2000'0b0c         4       0x4  App_Init.o [6]
  .bss                   zero     0x2000'0b10         4       0x4  App_Soc.o [6]
  .bss                   zero     0x2000'0b14         4       0x4  App_Soc.o [6]
  .bss                   zero     0x2000'0b18         4       0x4  App_Soc.o [6]
  .bss                   zero     0x2000'0b1c         4       0x4  App_Warranty.o [6]
  .bss                   zero     0x2000'0b20         4       0x4  Drv_Can.o [9]
  .bss                   zero     0x2000'0b24         4       0x4  Drv_Can.o [9]
  .bss                   zero     0x2000'0b28         4       0x4  Drv_Tick.o [9]
  .bss                   zero     0x2000'0b2c         4       0x4  stl_util.o [4]
  .bss                   zero     0x2000'0b30         4       0x4  stm32f4xx_hal.o [5]
  .bss                   zero     0x2000'0b34         2       0x2  Api_Adbms.o [7]
  .bss                   zero     0x2000'0b36         2       0x2  Api_Adbms.o [7]
  .bss                   zero     0x2000'0b38         2       0x2  Api_Adbms.o [7]
  .bss                   zero     0x2000'0b3a         2       0x2  Api_AdcIn.o [7]
  .bss                   zero     0x2000'0b3c         2       0x2  Api_AuxVolt.o [7]
  .bss                   zero     0x2000'0b3e         2       0x2  Api_AuxVolt.o [7]
  .bss                   zero     0x2000'0b40         2       0x2  Api_BoardTemp.o [7]
  .bss                   zero     0x2000'0b42         2       0x2  Api_BoardTemp.o [7]
  .bss                   zero     0x2000'0b44         2       0x2  Api_BoardTemp.o [7]
  .bss                   zero     0x2000'0b46         2       0x2  App_CanUiRx.o [6]
  .bss                   zero     0x2000'0b48         2       0x2  App_CanUiRx.o [6]
  .bss                   zero     0x2000'0b4a         2       0x2  App_CurrLimit.o [6]
  .bss                   zero     0x2000'0b4c         2       0x2  App_CurrLimit.o [6]
  .bss                   zero     0x2000'0b4e         2       0x2  App_CurrLimit.o [6]
  .bss                   zero     0x2000'0b50         2       0x2  App_CurrLimit.o [6]
  .bss                   zero     0x2000'0b52         2       0x2  App_CurrLimit.o [6]
  .bss                   zero     0x2000'0b54         2       0x2  App_CurrLimit.o [6]
  .bss                   zero     0x2000'0b56         2       0x2  App_CurrLimit.o [6]
  .bss                   zero     0x2000'0b58         2       0x2  App_CurrLimit.o [6]
  .bss                   zero     0x2000'0b5a         2       0x2  App_CurrLimit.o [6]
  .bss                   zero     0x2000'0b5c         2       0x2  App_EepromEx.o [6]
  .bss                   zero     0x2000'0b5e         2       0x2  App_EepromEx.o [6]
  .bss                   zero     0x2000'0b60         2       0x2  App_Fan.o [6]
  .bss                   zero     0x2000'0b62         2       0x2  App_Init.o [6]
  .bss                   zero     0x2000'0b64         2       0x2  App_Init.o [6]
  .bss                   zero     0x2000'0b66         2       0x2  App_Init.o [6]
  .bss                   zero     0x2000'0b68         2       0x2  App_Ir.o [6]
  .bss                   zero     0x2000'0b6a         2       0x2  App_Ir.o [6]
  .bss                   zero     0x2000'0b6c         2       0x2  App_Ir.o [6]
  .bss                   zero     0x2000'0b6e         2       0x2  App_Ir.o [6]
  .bss                   zero     0x2000'0b70         2       0x2  App_ManaMsm.o [6]
  .bss                   zero     0x2000'0b72         2       0x2  App_Relay.o [6]
  .bss                   zero     0x2000'0b74         2       0x2  App_Soc.o [6]
  .bss                   zero     0x2000'0b76         2       0x2  App_Soc.o [6]
  .bss                   zero     0x2000'0b78         2       0x2  App_Soc.o [6]
  .bss                   zero     0x2000'0b7a         2       0x2  App_Soc.o [6]
  .bss                   zero     0x2000'0b7c         2       0x2  App_Soc.o [6]
  .bss                   zero     0x2000'0b7e         2       0x2  App_Soh.o [6]
  .bss                   zero     0x2000'0b80         2       0x2  App_Soh.o [6]
  .bss                   zero     0x2000'0b82         2       0x2  App_Soh.o [6]
  .bss                   zero     0x2000'0b84         2       0x2  App_Warranty.o [6]
  .bss                   zero     0x2000'0b86         2       0x2  App_Warranty.o [6]
  .bss                   zero     0x2000'0b88         2       0x2  Drv_Dio.o [9]
  .bss                   zero     0x2000'0b8a                 0x1  Api_Adbms.o [7]
  .bss                   zero     0x2000'0b8b                 0x1  Api_Adbms.o [7]
  .bss                   zero     0x2000'0b8c                 0x1  Api_AdcIn.o [7]
  .bss                   zero     0x2000'0b8d                 0x1  Api_AuxVolt.o [7]
  .bss                   zero     0x2000'0b8e                 0x1  Api_BoardTemp.o [7]
  .bss                   zero     0x2000'0b8f                 0x1  Api_CtrlLed.o [7]
  .bss                   zero     0x2000'0b90                 0x1  Api_CtrlLed.o [7]
  .bss                   zero     0x2000'0b91                 0x1  App_CalibData.o [6]
  .bss                   zero     0x2000'0b92                 0x1  App_CanUiRx.o [6]
  .bss                   zero     0x2000'0b93                 0x1  App_CanUiRx.o [6]
  .bss                   zero     0x2000'0b94                 0x1  App_CanUiRx.o [6]
  .bss                   zero     0x2000'0b95                 0x1  App_CanUiRx.o [6]
  .bss                   zero     0x2000'0b96                 0x1  App_CanUiRx.o [6]
  .bss                   zero     0x2000'0b97                 0x1  App_CanUiRx.o [6]
  .bss                   zero     0x2000'0b98                 0x1  App_CanUiRx.o [6]
  .bss                   zero     0x2000'0b99                 0x1  App_CanUiRx.o [6]
  .bss                   zero     0x2000'0b9a                 0x1  App_CanUiRx.o [6]
  .bss                   zero     0x2000'0b9b                 0x1  App_CanUiRx.o [6]
  .bss                   zero     0x2000'0b9c                 0x1  App_CanUiRx.o [6]
  .bss                   zero     0x2000'0b9d                 0x1  App_CellBalance.o [6]
  .bss                   zero     0x2000'0b9e                 0x1  App_CellBalance.o [6]
  .bss                   zero     0x2000'0b9f                 0x1  App_CellBalance.o [6]
  .bss                   zero     0x2000'0ba0                 0x1  App_CurrLimit.o [6]
  .bss                   zero     0x2000'0ba1                 0x1  App_CurrLimit.o [6]
  .bss                   zero     0x2000'0ba2                 0x1  App_CurrLimit.o [6]
  .bss                   zero     0x2000'0ba3                 0x1  App_CurrLimit.o [6]
  .bss                   zero     0x2000'0ba4                 0x1  App_CurrLimit.o [6]
  .bss                   zero     0x2000'0ba5                 0x1  App_CurrLimit.o [6]
  .bss                   zero     0x2000'0ba6                 0x1  App_CurrLimit.o [6]
  .bss                   zero     0x2000'0ba7                 0x1  App_Diag.o [6]
  .bss                   zero     0x2000'0ba8                 0x1  App_Diag.o [6]
  .bss                   zero     0x2000'0ba9                 0x1  App_Diag.o [6]
  .bss                   zero     0x2000'0baa                 0x1  App_Diag.o [6]
  .bss                   zero     0x2000'0bab                 0x1  App_Diag.o [6]
  .bss                   zero     0x2000'0bac                 0x1  App_Diag.o [6]
  .bss                   zero     0x2000'0bad                 0x1  App_Diag.o [6]
  .bss                   zero     0x2000'0bae                 0x1  App_Diag.o [6]
  .bss                   zero     0x2000'0baf                 0x1  App_Diag.o [6]
  .bss                   zero     0x2000'0bb0                 0x1  App_Diag.o [6]
  .bss                   zero     0x2000'0bb1                 0x1  App_Diag.o [6]
  .bss                   zero     0x2000'0bb2                 0x1  App_Diag.o [6]
  .bss                   zero     0x2000'0bb3                 0x1  App_Diag.o [6]
  .bss                   zero     0x2000'0bb4                 0x1  App_Diag.o [6]
  .bss                   zero     0x2000'0bb5                 0x1  App_Diag.o [6]
  .bss                   zero     0x2000'0bb6                 0x1  App_Diag.o [6]
  .bss                   zero     0x2000'0bb7                 0x1  App_Diag.o [6]
  .bss                   zero     0x2000'0bb8                 0x1  App_Diag.o [6]
  .bss                   zero     0x2000'0bb9                 0x1  App_Diag.o [6]
  .bss                   zero     0x2000'0bba                 0x1  App_Diag.o [6]
  .bss                   zero     0x2000'0bbb                 0x1  App_Diag.o [6]
  .bss                   zero     0x2000'0bbc                 0x1  App_Diag.o [6]
  .bss                   zero     0x2000'0bbd                 0x1  App_Diag.o [6]
  .bss                   zero     0x2000'0bbe                 0x1  App_Diag.o [6]
  .bss                   zero     0x2000'0bbf                 0x1  App_Diag.o [6]
  .bss                   zero     0x2000'0bc0                 0x1  App_Diag.o [6]
  .bss                   zero     0x2000'0bc1                 0x1  App_Diag.o [6]
  .bss                   zero     0x2000'0bc2                 0x1  App_Diag.o [6]
  .bss                   zero     0x2000'0bc3                 0x1  App_Diag.o [6]
  .bss                   zero     0x2000'0bc4                 0x1  App_Diag.o [6]
  .bss                   zero     0x2000'0bc5                 0x1  App_Diag.o [6]
  .bss                   zero     0x2000'0bc6                 0x1  App_Diag.o [6]
  .bss                   zero     0x2000'0bc7                 0x1  App_Diag.o [6]
  .bss                   zero     0x2000'0bc8                 0x1  App_Diag.o [6]
  .bss                   zero     0x2000'0bc9                 0x1  App_Diag.o [6]
  .bss                   zero     0x2000'0bca                 0x1  App_Diag.o [6]
  .bss                   zero     0x2000'0bcb                 0x1  App_Diag.o [6]
  .bss                   zero     0x2000'0bcc                 0x1  App_Diag.o [6]
  .bss                   zero     0x2000'0bcd                 0x1  App_Diag.o [6]
  .bss                   zero     0x2000'0bce                 0x1  App_Diag.o [6]
  .bss                   zero     0x2000'0bcf                 0x1  App_Diag.o [6]
  .bss                   zero     0x2000'0bd0                 0x1  App_Diag.o [6]
  .bss                   zero     0x2000'0bd1                 0x1  App_Diag.o [6]
  .bss                   zero     0x2000'0bd2                 0x1  App_Diag.o [6]
  .bss                   zero     0x2000'0bd3                 0x1  App_Diag.o [6]
  .bss                   zero     0x2000'0bd4                 0x1  App_Diag.o [6]
  .bss                   zero     0x2000'0bd5                 0x1  App_Diag.o [6]
  .bss                   zero     0x2000'0bd6                 0x1  App_Diag.o [6]
  .bss                   zero     0x2000'0bd7                 0x1  App_Diag.o [6]
  .bss                   zero     0x2000'0bd8                 0x1  App_Diag.o [6]
  .bss                   zero     0x2000'0bd9                 0x1  App_Diag.o [6]
  .bss                   zero     0x2000'0bda                 0x1  App_Diag.o [6]
  .bss                   zero     0x2000'0bdb                 0x1  App_Diag.o [6]
  .bss                   zero     0x2000'0bdc                 0x1  App_Diag.o [6]
  .bss                   zero     0x2000'0bdd                 0x1  App_Diag.o [6]
  .bss                   zero     0x2000'0bde                 0x1  App_Diag.o [6]
  .bss                   zero     0x2000'0bdf                 0x1  App_Diag.o [6]
  .bss                   zero     0x2000'0be0                 0x1  App_Diag.o [6]
  .bss                   zero     0x2000'0be1                 0x1  App_Diag.o [6]
  .bss                   zero     0x2000'0be2                 0x1  App_Diag.o [6]
  .bss                   zero     0x2000'0be3                 0x1  App_Diag.o [6]
  .bss                   zero     0x2000'0be4                 0x1  App_Diag.o [6]
  .bss                   zero     0x2000'0be5                 0x1  App_Diag.o [6]
  .bss                   zero     0x2000'0be6                 0x1  App_Diag.o [6]
  .bss                   zero     0x2000'0be7                 0x1  App_Diag.o [6]
  .bss                   zero     0x2000'0be8                 0x1  App_Diag.o [6]
  .bss                   zero     0x2000'0be9                 0x1  App_Diag.o [6]
  .bss                   zero     0x2000'0bea                 0x1  App_Diag.o [6]
  .bss                   zero     0x2000'0beb                 0x1  App_Diag.o [6]
  .bss                   zero     0x2000'0bec                 0x1  App_Diag.o [6]
  .bss                   zero     0x2000'0bed                 0x1  App_Diag.o [6]
  .bss                   zero     0x2000'0bee                 0x1  App_Diag.o [6]
  .bss                   zero     0x2000'0bef                 0x1  App_Diag.o [6]
  .bss                   zero     0x2000'0bf0                 0x1  App_Diag.o [6]
  .bss                   zero     0x2000'0bf1                 0x1  App_Diag.o [6]
  .bss                   zero     0x2000'0bf2                 0x1  App_Diag.o [6]
  .bss                   zero     0x2000'0bf3                 0x1  App_Diag.o [6]
  .bss                   zero     0x2000'0bf4                 0x1  App_Diag.o [6]
  .bss                   zero     0x2000'0bf5                 0x1  App_Diag.o [6]
  .bss                   zero     0x2000'0bf6                 0x1  App_EepromEx.o [6]
  .bss                   zero     0x2000'0bf7                 0x1  App_EepromEx.o [6]
  .bss                   zero     0x2000'0bf8                 0x1  App_EepromEx.o [6]
  .bss                   zero     0x2000'0bf9                 0x1  App_EepromEx.o [6]
  .bss                   zero     0x2000'0bfa                 0x1  App_EepromEx.o [6]
  .bss                   zero     0x2000'0bfb                 0x1  App_EepromEx.o [6]
  .bss                   zero     0x2000'0bfc                 0x1  App_EepromEx.o [6]
  .bss                   zero     0x2000'0bfd                 0x1  App_EepromEx.o [6]
  .bss                   zero     0x2000'0bfe                 0x1  App_EepromEx.o [6]
  .bss                   zero     0x2000'0bff                 0x1  App_Fan.o [6]
  .bss                   zero     0x2000'0c00                 0x1  App_Ir.o [6]
  .bss                   zero     0x2000'0c01                 0x1  App_Ir.o [6]
  .bss                   zero     0x2000'0c02                 0x1  App_Ir.o [6]
  .bss                   zero     0x2000'0c03                 0x1  App_ManaMsm.o [6]
  .bss                   zero     0x2000'0c04                 0x1  App_ManaMsm.o [6]
  .bss                   zero     0x2000'0c05                 0x1  App_ManaMsm.o [6]
  .bss                   zero     0x2000'0c06                 0x1  App_ManaMsm.o [6]
  .bss                   zero     0x2000'0c07                 0x1  App_ManaMsm.o [6]
  .bss                   zero     0x2000'0c08                 0x1  App_ManaMsm.o [6]
  .bss                   zero     0x2000'0c09                 0x1  App_ManaMsm.o [6]
  .bss                   zero     0x2000'0c0a                 0x1  App_ManaMsm.o [6]
  .bss                   zero     0x2000'0c0b                 0x1  App_Relay.o [6]
  .bss                   zero     0x2000'0c0c                 0x1  App_Relay.o [6]
  .bss                   zero     0x2000'0c0d                 0x1  App_Relay.o [6]
  .bss                   zero     0x2000'0c0e                 0x1  App_Relay.o [6]
  .bss                   zero     0x2000'0c0f                 0x1  App_Relay.o [6]
  .bss                   zero     0x2000'0c10                 0x1  App_Relay.o [6]
  .bss                   zero     0x2000'0c11                 0x1  App_Soc.o [6]
  .bss                   zero     0x2000'0c12                 0x1  App_Soc.o [6]
  .bss                   zero     0x2000'0c13                 0x1  App_Soc.o [6]
  .bss                   zero     0x2000'0c14                 0x1  App_Soh.o [6]
  .bss                   zero     0x2000'0c15                 0x1  App_Soue.o [6]
  .bss                   zero     0x2000'0c16                 0x1  App_Soue.o [6]
  .bss                   zero     0x2000'0c17                 0x1  App_Soue.o [6]
  .bss                   zero     0x2000'0c18                 0x1  App_TRunaway.o [6]
  .bss                   zero     0x2000'0c19                 0x1  App_TRunaway.o [6]
  .bss                   zero     0x2000'0c1a                 0x1  App_TRunaway.o [6]
  .bss                   zero     0x2000'0c1b                 0x1  App_TRunaway.o [6]
  .bss                   zero     0x2000'0c1c                 0x1  App_TRunaway.o [6]
  .bss                   zero     0x2000'0c1d                 0x1  App_TRunaway.o [6]
  .bss                   zero     0x2000'0c1e                 0x1  App_TRunaway.o [6]
  .bss                   zero     0x2000'0c1f                 0x1  App_TRunaway.o [6]
  .bss                   zero     0x2000'0c20                 0x1  App_TRunaway.o [6]
  .bss                   zero     0x2000'0c21                 0x1  App_TRunaway.o [6]
  .bss                   zero     0x2000'0c22                 0x1  App_TRunaway.o [6]
  .bss                   zero     0x2000'0c23                 0x1  App_TRunaway.o [6]
  .bss                   zero     0x2000'0c24                 0x1  App_TRunaway.o [6]
  .bss                   zero     0x2000'0c25                 0x1  App_TRunaway.o [6]
  .bss                   zero     0x2000'0c26                 0x1  App_TRunaway.o [6]
  .bss                   zero     0x2000'0c27                 0x1  App_TRunaway.o [6]
  .bss                   zero     0x2000'0c28                 0x1  App_TRunaway.o [6]
  .bss                   zero     0x2000'0c29                 0x1  App_TRunaway.o [6]
  .bss                   zero     0x2000'0c2a                 0x1  App_TRunaway.o [6]
  .bss                   zero     0x2000'0c2b                 0x1  App_TRunaway.o [6]
  .bss                   zero     0x2000'0c2c                 0x1  App_TRunaway.o [6]
  .bss                   zero     0x2000'0c2d                 0x1  App_TRunaway.o [6]
  .bss                   zero     0x2000'0c2e                 0x1  App_TRunaway.o [6]
  .bss                   zero     0x2000'0c2f                 0x1  App_TRunaway.o [6]
  .bss                   zero     0x2000'0c30                 0x1  App_TRunaway.o [6]
  .bss                   zero     0x2000'0c31                 0x1  App_Warranty.o [6]
  .bss                   zero     0x2000'0c32                 0x1  App_Warranty.o [6]
  .bss                   zero     0x2000'0c33                 0x1  App_Warranty.o [6]
  .bss                   zero     0x2000'0c34                 0x1  App_Warranty.o [6]
  .bss                   zero     0x2000'0c35                 0x1  App_Warranty.o [6]
  .bss                   zero     0x2000'0c36                 0x1  App_Warranty.o [6]
  .bss                   zero     0x2000'0c37                 0x1  App_Warranty.o [6]
  .bss                   zero     0x2000'0c38                 0x1  App_Warranty.o [6]
  .bss                   zero     0x2000'0c39                 0x1  App_Warranty.o [6]
  .bss                   zero     0x2000'0c3a                 0x1  App_Warranty.o [6]
  .bss                   zero     0x2000'0c3b                 0x1  App_Warranty.o [6]
  .bss                   zero     0x2000'0c3c                 0x1  App_Warranty.o [6]
  .bss                   zero     0x2000'0c3d                 0x1  App_Warranty.o [6]
  .bss                   zero     0x2000'0c3e                 0x1  App_Warranty.o [6]
  .bss                   zero     0x2000'0c3f                 0x1  App_Warranty.o [6]
  .bss                   zero     0x2000'0c40                 0x1  App_Warranty.o [6]
  .bss                   zero     0x2000'0c41                 0x1  App_Warranty.o [6]
  .bss                   zero     0x2000'0c42                 0x1  App_Warranty.o [6]
  .bss                   zero     0x2000'0c43                 0x1  App_Warranty.o [6]
  .bss                   zero     0x2000'0c44                 0x1  App_Warranty.o [6]
                                - 0x2000'0c45               0xa6d

"P3", part 3 of 3:                                          0x400
  CSTACK                          0x2000'0c48         8     0x400  <Block>
    CSTACK               uninit   0x2000'0c48               0x400  <Block tail>
                                - 0x2000'1048               0x400

"P4":                                                      0x31f0
  .classb                zero     0x2001'0000         4    0x1308  Api_Adbms.o [7]
  .classb                zero     0x2001'1308         4     0xad4  Api_Adbms.o [7]
  .classb                zero     0x2001'1ddc         4     0x3f0  Drv_Adbms6815.o [9]
  .classb                zero     0x2001'21cc         4     0x180  Api_Task.o [7]
  .classb                zero     0x2001'234c         4     0x150  Drv_Adbms6815.o [9]
  .classb                zero     0x2001'249c         4     0x150  Drv_Adbms6815.o [9]
  .classb                zero     0x2001'25ec         4     0x150  Drv_Adbms6815.o [9]
  .classb                zero     0x2001'273c         4     0x150  Drv_Adbms6815.o [9]
  .classb                zero     0x2001'288c         4      0xfc  Drv_Adbms6815.o [9]
  .classb                zero     0x2001'2988         4      0xfc  Drv_Adbms6815.o [9]
  .classb                zero     0x2001'2a84         4      0xc4  App_Diag.o [6]
  .classb                zero     0x2001'2b48         4      0xc4  App_Init.o [6]
  .classb                zero     0x2001'2c0c         4      0xc4  Drv_Parameter.o [9]
  .classb                zero     0x2001'2cd0         4      0x64  Api_Calibdata.o [7]
  .classb                zero     0x2001'2d34         4      0x64  Api_Curr.o [7]
  .classb                zero     0x2001'2d98         4      0x64  Api_PackVolt.o [7]
  .classb                zero     0x2001'2dfc         4      0x64  App_CalibData.o [6]
  .classb                zero     0x2001'2e60         4      0x64  App_CanVcuTx.o [6]
  .classb                zero     0x2001'2ec4         4      0x50  Api_IsoR.o [7]
  .classb                zero     0x2001'2f14         4      0x48  App_Diag.o [6]
  .classb                zero     0x2001'2f5c         4      0x2c  Drv_Adbms6815.o [9]
  .classb                zero     0x2001'2f88         4      0x2c  Drv_Adbms6815.o [9]
  .classb                zero     0x2001'2fb4         4      0x2c  Drv_Adbms6815.o [9]
  .classb                zero     0x2001'2fe0         4      0x20  App_Diag.o [6]
  .classb                zero     0x2001'3000         4      0x18  Drv_Adbms6815.o [9]
  .classb                zero     0x2001'3018         4      0x18  Drv_Adbms6815.o [9]
  .classb                zero     0x2001'3030         4       0xc  App_Diag.o [6]
  .classb                zero     0x2001'303c         4       0xc  App_Diag.o [6]
  .classb                zero     0x2001'3048         4       0x8  Api_IsoR.o [7]
  .classb                zero     0x2001'3050         4       0x8  App_Diag.o [6]
  .classb                zero     0x2001'3058         4       0x8  App_Diag.o [6]
  .classb                zero     0x2001'3060         4       0x8  App_Diag.o [6]
  .classb                zero     0x2001'3068         4       0x4  Api_Curr.o [7]
  .classb                zero     0x2001'306c         4       0x4  Api_Curr.o [7]
  .classb                zero     0x2001'3070         4       0x4  Api_Curr.o [7]
  .classb                zero     0x2001'3074         4       0x4  Api_Curr.o [7]
  .classb                zero     0x2001'3078         4       0x4  Api_Curr.o [7]
  .classb                zero     0x2001'307c         4       0x4  Api_Curr.o [7]
  .classb                zero     0x2001'3080         4       0x4  Api_Curr.o [7]
  .classb                zero     0x2001'3084         4       0x4  Api_Curr.o [7]
  .classb                zero     0x2001'3088         4       0x4  Api_Curr.o [7]
  .classb                zero     0x2001'308c         4       0x4  Api_PackVolt.o [7]
  .classb                zero     0x2001'3090         4       0x4  Api_PackVolt.o [7]
  .classb                zero     0x2001'3094         4       0x4  Api_PackVolt.o [7]
  .classb                zero     0x2001'3098         4       0x4  Api_PackVolt.o [7]
  .classb                zero     0x2001'309c         4       0x4  App_Diag.o [6]
  .classb                zero     0x2001'30a0         4       0x4  App_Diag.o [6]
  .classb                zero     0x2001'30a4         4       0x4  App_Diag.o [6]
  .classb                zero     0x2001'30a8         4       0x4  App_Diag.o [6]
  .classb                zero     0x2001'30ac         4       0x4  App_Diag.o [6]
  .classb                zero     0x2001'30b0         4       0x4  App_Diag.o [6]
  .classb                zero     0x2001'30b4         4       0x4  App_Diag.o [6]
  .classb                zero     0x2001'30b8         4       0x4  App_Diag.o [6]
  .classb                zero     0x2001'30bc         4       0x4  App_Diag.o [6]
  .classb                zero     0x2001'30c0         4       0x4  App_Diag.o [6]
  .classb                zero     0x2001'30c4         4       0x4  App_Diag.o [6]
  .classb                zero     0x2001'30c8         4       0x4  App_Diag.o [6]
  .classb                zero     0x2001'30cc         4       0x4  App_Diag.o [6]
  .classb                zero     0x2001'30d0         4       0x4  App_EepromEx.o [6]
  .classb                zero     0x2001'30d4         4       0x4  App_EepromEx.o [6]
  .classb                zero     0x2001'30d8         2       0x2  Api_Adbms.o [7]
  .classb                zero     0x2001'30da         2       0x2  Api_Adbms.o [7]
  .classb                zero     0x2001'30dc         2       0x2  Api_Adbms.o [7]
  .classb                zero     0x2001'30de         2       0x2  Api_Adbms.o [7]
  .classb                zero     0x2001'30e0         2       0x2  Api_Adbms.o [7]
  .classb                zero     0x2001'30e2         2       0x2  Api_Adbms.o [7]
  .classb                zero     0x2001'30e4         2       0x2  Api_Adbms.o [7]
  .classb                zero     0x2001'30e6         2       0x2  Api_Adbms.o [7]
  .classb                zero     0x2001'30e8         2       0x2  Api_Adbms.o [7]
  .classb                zero     0x2001'30ea         2       0x2  Api_Adbms.o [7]
  .classb                zero     0x2001'30ec         2       0x2  Api_Adbms.o [7]
  .classb                zero     0x2001'30ee         2       0x2  Api_Adbms.o [7]
  .classb                zero     0x2001'30f0         2       0x2  Api_Adbms.o [7]
  .classb                zero     0x2001'30f2         2       0x2  Api_Adbms.o [7]
  .classb                zero     0x2001'30f4         2       0x2  Api_Curr.o [7]
  .classb                zero     0x2001'30f6         2       0x2  Api_Curr.o [7]
  .classb                zero     0x2001'30f8         2       0x2  Api_Curr.o [7]
  .classb                zero     0x2001'30fa         2       0x2  Api_Curr.o [7]
  .classb                zero     0x2001'30fc         2       0x2  Api_Curr.o [7]
  .classb                zero     0x2001'30fe         2       0x2  Api_Curr.o [7]
  .classb                zero     0x2001'3100         2       0x2  Api_Curr.o [7]
  .classb                zero     0x2001'3102         2       0x2  Api_Curr.o [7]
  .classb                zero     0x2001'3104         2       0x2  Api_Curr.o [7]
  .classb                zero     0x2001'3106         2       0x2  Api_IsoR.o [7]
  .classb                zero     0x2001'3108         2       0x2  Api_IsoR.o [7]
  .classb                zero     0x2001'310a         2       0x2  Api_IsoR.o [7]
  .classb                zero     0x2001'310c         2       0x2  Api_IsoR.o [7]
  .classb                zero     0x2001'310e         2       0x2  Api_IsoR.o [7]
  .classb                zero     0x2001'3110         2       0x2  Api_IsoR.o [7]
  .classb                zero     0x2001'3112         2       0x2  Api_PackVolt.o [7]
  .classb                zero     0x2001'3114         2       0x2  Api_PackVolt.o [7]
  .classb                zero     0x2001'3116         2       0x2  Api_Ref5v.o [7]
  .classb                zero     0x2001'3118         2       0x2  App_Diag.o [6]
  .classb                zero     0x2001'311a         2       0x2  App_EepromEx.o [6]
  .classb                zero     0x2001'311c         2       0x2  App_Relay.o [6]
  .classb                zero     0x2001'311e         2       0x2  Drv_Adbms6815.o [9]
  .classb                zero     0x2001'3120         2       0x2  Drv_Adbms6815.o [9]
  .classb                zero     0x2001'3122                 0x1  Api_Adbms.o [7]
  .classb                zero     0x2001'3123                 0x1  Api_Adbms.o [7]
  .classb                zero     0x2001'3124                 0x1  Api_Adbms.o [7]
  .classb                zero     0x2001'3125                 0x1  Api_Adbms.o [7]
  .classb                zero     0x2001'3126                 0x1  Api_Adbms.o [7]
  .classb                zero     0x2001'3127                 0x1  Api_Adbms.o [7]
  .classb                zero     0x2001'3128                 0x1  Api_Adbms.o [7]
  .classb                zero     0x2001'3129                 0x1  Api_Adbms.o [7]
  .classb                zero     0x2001'312a                 0x1  Api_Adbms.o [7]
  .classb                zero     0x2001'312b                 0x1  Api_Adbms.o [7]
  .classb                zero     0x2001'312c                 0x1  Api_Adbms.o [7]
  .classb                zero     0x2001'312d                 0x1  Api_Adbms.o [7]
  .classb                zero     0x2001'312e                 0x1  Api_Adbms.o [7]
  .classb                zero     0x2001'312f                 0x1  Api_Adbms.o [7]
  .classb                zero     0x2001'3130                 0x1  Api_Adbms.o [7]
  .classb                zero     0x2001'3131                 0x1  Api_Adbms.o [7]
  .classb                zero     0x2001'3132                 0x1  Api_Adbms.o [7]
  .classb                zero     0x2001'3133                 0x1  Api_Adbms.o [7]
  .classb                zero     0x2001'3134                 0x1  Api_Adbms.o [7]
  .classb                zero     0x2001'3135                 0x1  Api_Adbms.o [7]
  .classb                zero     0x2001'3136                 0x1  Api_Adbms.o [7]
  .classb                zero     0x2001'3137                 0x1  Api_Adbms.o [7]
  .classb                zero     0x2001'3138                 0x1  Api_Curr.o [7]
  .classb                zero     0x2001'3139                 0x1  Api_Curr.o [7]
  .classb                zero     0x2001'313a                 0x1  Api_Curr.o [7]
  .classb                zero     0x2001'313b                 0x1  Api_Curr.o [7]
  .classb                zero     0x2001'313c                 0x1  Api_Curr.o [7]
  .classb                zero     0x2001'313d                 0x1  Api_IsoR.o [7]
  .classb                zero     0x2001'313e                 0x1  Api_IsoR.o [7]
  .classb                zero     0x2001'313f                 0x1  Api_IsoR.o [7]
  .classb                zero     0x2001'3140                 0x1  Api_IsoR.o [7]
  .classb                zero     0x2001'3141                 0x1  Api_IsoR.o [7]
  .classb                zero     0x2001'3142                 0x1  Api_ManaMsm.o [7]
  .classb                zero     0x2001'3143                 0x1  Api_PackVolt.o [7]
  .classb                zero     0x2001'3144                 0x1  Api_PackVolt.o [7]
[...]
Set_EventData            0x801'7c23    0x1a  Code  Gb  App_CanVcuTx.o [6]
Set_SaveCalibData        0x801'5bfb     0x6  Code  Gb  App_CalibData.o [6]
Set_SaveWarrantyData     0x801'4e05     0x6  Code  Gb  App_Warranty.o [6]
Set_TROfflineBMIC        0x800'5f07     0x8  Code  Gb  App_Diag.o [6]
Set_TROfflineTCell       0x800'5ef7     0x8  Code  Gb  App_Diag.o [6]
Set_TROfflineVCell       0x800'5ee7     0x8  Code  Gb  App_Diag.o [6]
Soc_Calculate_UseOCVTable
                         0x801'28b9   0x2a8  Code  Gb  App_Soc.o [6]
Soc_Calculate_UseOCVTable_SameTemp
                         0x801'3029   0x22a  Code  Gb  App_Soc.o [6]
Soc_Calculation_Task     0x801'22e5   0x5ca  Code  Gb  App_Soc.o [6]
Soc_Calculation_Task{1}{2}::integralcrn_zerocnt
                        0x2000'0b7c     0x2  Data  Lc  App_Soc.o [6]
Soc_Calculation_Task{1}{2}::recognition_cnt
                        0x2000'0c13     0x1  Data  Lc  App_Soc.o [6]
Soc_ChargeWh            0x2000'0b14     0x4  Data  Lc  App_Soc.o [6]
Soc_DischargeWh         0x2000'0b18     0x4  Data  Lc  App_Soc.o [6]
Soc_Init                 0x801'2225    0xbe  Code  Gb  App_Soc.o [6]
Soc_InitFlag            0x2000'0c11     0x1  Data  Lc  App_Soc.o [6]
Soc_SetSocInitFlag       0x801'2d4b     0x6  Code  Gb  App_Soc.o [6]
Soc_UpdataCapacityData   0x801'3011     0x8  Code  Gb  App_Soc.o [6]
Soh_Calculation_Task     0x801'7da1    0x86  Code  Gb  App_Soh.o [6]
Soh_SetUpdateFlag        0x801'7e27     0x8  Code  Gb  App_Soh.o [6]
Soue_Calculation_Task    0x801'9439   0x180  Code  Gb  App_Soue.o [6]
Soue_Calculation_Task::Soue_CalcStart
                        0x2000'0c16     0x1  Data  Lc  App_Soue.o [6]
Soue_Calculation_Task::Soue_Value
                        0x2000'0a6c    0x10  Data  Lc  App_Soue.o [6]
Soue_Calculation_Task::Soue_cnt
                        0x2000'0c17     0x1  Data  Lc  App_Soue.o [6]
StlClkStatus            0x2001'30c0     0x4  Data  Gb  App_Diag.o [6]
StlCntInterrupt         0x2001'2fe0    0x20  Data  Gb  App_Diag.o [6]
StlCpuTm1LStatus        0x2001'30ac     0x4  Data  Gb  App_Diag.o [6]
StlCpuTm1RegPattern      0x800'1b18    0x18  Data  Gb  stl_tm_cpu_1l.o [10]
StlCpuTm7Status         0x2001'30b0     0x4  Data  Gb  App_Diag.o [6]
StlCpuTmCBStatus        0x2001'30b4     0x4  Data  Gb  App_Diag.o [6]
StlCpuTmCBStsPattern     0x800'1c10     0x4  Data  Gb  stl_tm_cpu_cb.o [10]
StlCrc32LookUpTable      0x800'1718   0x400  Data  Gb  stl_tm_cpu.o [10]
StlFlashStatus          0x2001'30b8     0x4  Data  Gb  App_Diag.o [6]
StlRamStatus            0x2001'30bc     0x4  Data  Gb  App_Diag.o [6]
StlTmRamStandardOrder    0x800'1c14    0x24  Data  Gb  stl_tm_ram.o [10]
SysTick_Config           0x800'6f69    0x30  Code  Lc  stm32f4xx_hal_cortex.o [5]
SysTick_Handler          0x801'a0a1     0x8  Code  Gb  stm32f4xx_it.o [2]
SystemClock_Config       0x800'2443    0xb4  Code  Gb  main.o [2]
SystemCoreClock         0x2000'0128     0x4  Data  Gb  system_stm32f4xx.o [1]
SystemInit               0x801'a0b9     0xc  Code  Gb  system_stm32f4xx.o [1]
System_Drive             0x801'8dff    0x3e  Code  Gb  App_ManaMsm.o [6]
System_Drive::seq       0x2000'0c09     0x1  Data  Lc  App_ManaMsm.o [6]
System_Emergency         0x801'8e83    0x52  Code  Gb  App_ManaMsm.o [6]
System_EmergencySeq     0x2000'0c03     0x1  Data  Lc  App_ManaMsm.o [6]
System_Error             0x801'8e3d    0x46  Code  Gb  App_ManaMsm.o [6]
System_Error::seq       0x2000'0c0a     0x1  Data  Lc  App_ManaMsm.o [6]
System_Init              0x801'8abd    0x10  Code  Gb  App_ManaMsm.o [6]
System_InitSequence      0x801'8cc1    0x8e  Code  Gb  App_ManaMsm.o [6]
System_InitSequence::StabilizeTimeCnt
                        0x2000'0b70     0x2  Data  Lc  App_ManaMsm.o [6]
System_InitSequence::is
                        0x2000'0c07     0x1  Data  Lc  App_ManaMsm.o [6]
System_State            0x2001'3142     0x1  Data  Lc  Api_ManaMsm.o [7]
System_State_Task        0x801'8acd   0x1f4  Code  Gb  App_ManaMsm.o [6]
System_State_Task::InitComplete_flag
                        0x2000'0c05     0x1  Data  Lc  App_ManaMsm.o [6]
System_State_Task::Old_System_State
                        0x2000'01d5     0x1  Data  Lc  App_ManaMsm.o [6]
System_State_Task::heartbeat_cnt
                        0x2000'0c06     0x1  Data  Lc  App_ManaMsm.o [6]
System_Wait              0x801'8d4f    0xb0  Code  Gb  App_ManaMsm.o [6]
System_Wait::seq        0x2000'0c08     0x1  Data  Lc  App_ManaMsm.o [6]
TAMP_STAMP_IRQHandler    0x801'a849          Code  Wk  startup_stm32f407xx.o [3]
TIM1_BRK_TIM9_IRQHandler
                         0x801'a89d          Code  Wk  startup_stm32f407xx.o [3]
TIM1_CC_IRQHandler       0x801'a8a9          Code  Wk  startup_stm32f407xx.o [3]
TIM1_TRG_COM_TIM11_IRQHandler
                         0x801'a8a5          Code  Wk  startup_stm32f407xx.o [3]
TIM1_UP_TIM10_IRQHandler
                         0x801'a8a1          Code  Wk  startup_stm32f407xx.o [3]
TIM2_IRQHandler          0x801'a8ad          Code  Wk  startup_stm32f407xx.o [3]
TIM3_IRQHandler          0x801'a8b1          Code  Wk  startup_stm32f407xx.o [3]
TIM4_IRQHandler          0x801'a8b5          Code  Wk  startup_stm32f407xx.o [3]
TIM5_IRQHandler          0x800'680d    0x4e  Code  Gb  App_Diag.o [6]
TIM6_DAC_IRQHandler      0x801'a911          Code  Wk  startup_stm32f407xx.o [3]
TIM7_IRQHandler          0x801'a915          Code  Wk  startup_stm32f407xx.o [3]
TIM8_BRK_TIM12_IRQHandler
                         0x801'a8e9          Code  Wk  startup_stm32f407xx.o [3]
TIM8_CC_IRQHandler       0x801'a8f5          Code  Wk  startup_stm32f407xx.o [3]
TIM8_TRG_COM_TIM14_IRQHandler
                         0x801'a8f1          Code  Wk  startup_stm32f407xx.o [3]
TIM8_UP_TIM13_IRQHandler
                         0x801'a8ed          Code  Wk  startup_stm32f407xx.o [3]
TIM_Base_SetConfig       0x800'8d35    0xd0  Code  Gb  stm32f4xx_hal_tim.o [5]
TIM_CCxChannelCmd        0x800'8fb9    0x22  Code  Gb  stm32f4xx_hal_tim.o [5]
TIM_ETR_SetConfig        0x800'8fa3    0x16  Code  Gb  stm32f4xx_hal_tim.o [5]
TIM_ITRx_SetConfig       0x800'8f93    0x10  Code  Lc  stm32f4xx_hal_tim.o [5]
TIM_TI1_ConfigInputStage
                         0x800'8ea9    0x24  Code  Lc  stm32f4xx_hal_tim.o [5]
TIM_TI1_SetConfig        0x800'8e07    0x74  Code  Gb  stm32f4xx_hal_tim.o [5]
TIM_TI2_ConfigInputStage
                         0x800'8f03    0x26  Code  Lc  stm32f4xx_hal_tim.o [5]
TIM_TI2_SetConfig        0x800'8ecd    0x36  Code  Lc  stm32f4xx_hal_tim.o [5]
TIM_TI3_SetConfig        0x800'8f29    0x34  Code  Lc  stm32f4xx_hal_tim.o [5]
TIM_TI4_SetConfig        0x800'8f5d    0x36  Code  Lc  stm32f4xx_hal_tim.o [5]
TR_COMM_ERR_BMIC        0x2001'314b     0x1  Data  Lc  App_Diag.o [6]
TR_OFFLINE_TCELL        0x2001'314a     0x1  Data  Lc  App_Diag.o [6]
TR_OFFLINE_VCELL        0x2001'3149     0x1  Data  Lc  App_Diag.o [6]
TRunaway_Get_Trunaway_T_BMICNum
                         0x801'9acf     0x6  Code  Gb  App_TRunaway.o [6]
TRunaway_Get_Trunaway_T_CellNum
                         0x801'9ad5     0x6  Code  Gb  App_TRunaway.o [6]
TRunaway_Get_Trunaway_V_BMICNum
                         0x801'9ac3     0x6  Code  Gb  App_TRunaway.o [6]
TRunaway_Get_Trunaway_V_CellNum
                         0x801'9ac9     0x6  Code  Gb  App_TRunaway.o [6]
T_BoardMlec             0x2000'0b44     0x2  Data  Lc  Api_BoardTemp.o [7]
T_CellAvg               0x2001'30e8     0x2  Data  Lc  Api_Adbms.o [7]
T_CellCellNoMax         0x2001'312b     0x1  Data  Lc  Api_Adbms.o [7]
T_CellCellNoMin         0x2001'312c     0x1  Data  Lc  Api_Adbms.o [7]
T_CellDev               0x2001'30ea     0x2  Data  Lc  Api_Adbms.o [7]
T_CellMax               0x2001'30e6     0x2  Data  Lc  Api_Adbms.o [7]
T_CellMin               0x2001'30e4     0x2  Data  Lc  Api_Adbms.o [7]
T_CellModNoMax          0x2001'312a     0x1  Data  Lc  Api_Adbms.o [7]
T_CellModNoMin          0x2001'3129     0x1  Data  Lc  Api_Adbms.o [7]
Task_Cnt                0x2001'3148     0x1  Data  Lc  Api_Task.o [7]
Task_Fifo               0x2001'21cc   0x180  Data  Lc  Api_Task.o [7]
Task_Init                0x801'8f05   0x164  Code  Gb  App_Task.o [6]
Task_Register            0x801'40d1    0x3e  Code  Gb  Api_Task.o [7]
Task_RunScheduler        0x801'4015    0xbc  Code  Gb  Api_Task.o [7]
Tick_Get                 0x801'84fb     0x8  Code  Gb  Drv_Tick.o [9]
Tick_Init                0x801'84f9     0x2  Code  Gb  Drv_Tick.o [9]
Tick_IsChange            0x801'8503    0x1e  Code  Gb  Drv_Tick.o [9]
Tick_IsChange::Sys_Tick_Pre
                        0x2000'0b28     0x4  Data  Lc  Drv_Tick.o [9]
Trunaway_T_BMICNum      0x2000'0c21     0x1  Data  Lc  App_TRunaway.o [6]
Trunaway_T_CellNum      0x2000'0c22     0x1  Data  Lc  App_TRunaway.o [6]
Trunaway_V_BMICNum      0x2000'0c1f     0x1  Data  Lc  App_TRunaway.o [6]
Trunaway_V_CellNum      0x2000'0c20     0x1  Data  Lc  App_TRunaway.o [6]
U16_Project_From_Samples
                         0x800'c0bf    0x7a  Code  Gb  Api_IsoR.o [7]
UART4_IRQHandler         0x801'a909          Code  Wk  startup_stm32f407xx.o [3]
UART5_IRQHandler         0x801'a90d          Code  Wk  startup_stm32f407xx.o [3]
USART1_IRQHandler        0x801'a8d1          Code  Wk  startup_stm32f407xx.o [3]
USART2_IRQHandler        0x801'a8d5          Code  Wk  startup_stm32f407xx.o [3]
USART3_IRQHandler        0x801'a8d9          Code  Wk  startup_stm32f407xx.o [3]
USART6_IRQHandler        0x801'a955          Code  Wk  startup_stm32f407xx.o [3]
UsageFault_Handler       0x801'a099     0x2  Code  Gb  stm32f4xx_it.o [2]
V_Aux                   0x2000'0b3e     0x2  Data  Lc  Api_AuxVolt.o [7]
V_BusMeas               0x2001'3114     0x2  Data  Lc  Api_PackVolt.o [7]
V_CellAvg               0x2001'30e0     0x2  Data  Lc  Api_Adbms.o [7]
V_CellCellNoMax         0x2001'3128     0x1  Data  Lc  Api_Adbms.o [7]
V_CellCellNoMin         0x2001'3127     0x1  Data  Lc  Api_Adbms.o [7]
V_CellDev               0x2001'30e2     0x2  Data  Lc  Api_Adbms.o [7]
V_CellMax               0x2001'30dc     0x2  Data  Lc  Api_Adbms.o [7]
V_CellMin               0x2001'30da     0x2  Data  Lc  Api_Adbms.o [7]
V_CellModNoMax          0x2001'3126     0x1  Data  Lc  Api_Adbms.o [7]
V_CellModNoMin          0x2001'3125     0x1  Data  Lc  Api_Adbms.o [7]
V_CellSum               0x2001'30de     0x2  Data  Lc  Api_Adbms.o [7]
V_ModDev                0x2001'30f0     0x2  Data  Lc  Api_Adbms.o [7]
V_ModMax                0x2001'30ec     0x2  Data  Lc  Api_Adbms.o [7]
V_ModMin                0x2001'30ee     0x2  Data  Lc  Api_Adbms.o [7]
V_PackMeas              0x2001'3112     0x2  Data  Lc  Api_PackVolt.o [7]
VerifyAllSections        0x801'8383   0x126  Code  Lc  stl_tm_ram.o [10]
WWDG_IRQHandler          0x801'a841          Code  Wk  startup_stm32f407xx.o [3]
Warranty                0x2000'0604    0x60  Data  Lc  App_Warranty.o [6]
WarrantyData_Load        0x801'49a7   0x37a  Code  Gb  App_Warranty.o [6]
WarrantyData_Save        0x801'4d21    0x3c  Code  Gb  App_Warranty.o [6]
Warranty_Init            0x801'44d9    0x2a  Code  Gb  App_Warranty.o [6]
Warranty_Task            0x801'4503   0x4a4  Code  Gb  App_Warranty.o [6]
Warranty_Task::Balance_OpTime_Min
                        0x2000'0b84     0x2  Data  Lc  App_Warranty.o [6]
Warranty_Task::Balance_OpTime_Sec
                        0x2000'0c3d     0x1  Data  Lc  App_Warranty.o [6]
Warranty_Task::ChargeTimeExtHighTemp_Sec
                        0x2000'0c3b     0x1  Data  Lc  App_Warranty.o [6]
Warranty_Task::ChargeTimeExtLowTemp_Sec
                        0x2000'0c37     0x1  Data  Lc  App_Warranty.o [6]
Warranty_Task::ChargeTimeHighTemp_Sec
                        0x2000'0c39     0x1  Data  Lc  App_Warranty.o [6]
Warranty_Task::ChargeTimeLowTemp_Sec
                        0x2000'0c35     0x1  Data  Lc  App_Warranty.o [6]
Warranty_Task::ChargeTime_Sec
                        0x2000'0c33     0x1  Data  Lc  App_Warranty.o [6]
Warranty_Task::ContOnState
                        0x2000'0c44     0x1  Data  Lc  App_Warranty.o [6]
Warranty_Task::DetectFullCharge_1
                        0x2000'0c40     0x1  Data  Lc  App_Warranty.o [6]
Warranty_Task::DetectFullCharge_2
                        0x2000'0c41     0x1  Data  Lc  App_Warranty.o [6]
Warranty_Task::DetectFullDischarge_1
                        0x2000'0c42     0x1  Data  Lc  App_Warranty.o [6]
Warranty_Task::DetectFullDischarge_2
                        0x2000'0c43     0x1  Data  Lc  App_Warranty.o [6]
Warranty_Task::DischargeTimeExtHighTemp_Sec
                        0x2000'0c3c     0x1  Data  Lc  App_Warranty.o [6]
Warranty_Task::DischargeTimeExtLowTemp_Sec
                        0x2000'0c38     0x1  Data  Lc  App_Warranty.o [6]
Warranty_Task::DischargeTimeHighTemp_Sec
                        0x2000'0c3a     0x1  Data  Lc  App_Warranty.o [6]
Warranty_Task::DischargeTimeLowTemp_Sec
                        0x2000'0c36     0x1  Data  Lc  App_Warranty.o [6]
Warranty_Task::DischargeTime_Sec
                        0x2000'0c34     0x1  Data  Lc  App_Warranty.o [6]
Warranty_Task::FAN_OpTime_Min
                        0x2000'0b86     0x2  Data  Lc  App_Warranty.o [6]
Warranty_Task::FAN_OpTime_Sec
                        0x2000'0c3e     0x1  Data  Lc  App_Warranty.o [6]
Warranty_Task::MaxMin_Count
                        0x2000'0c3f     0x1  Data  Lc  App_Warranty.o [6]
Warranty_Task::OpTime_Sec
                        0x2000'0c32     0x1  Data  Lc  App_Warranty.o [6]
Warranty_Task::ThisCycle_OperateTime_Min
                        0x2000'0b1c     0x4  Data  Lc  App_Warranty.o [6]
Warranty_temp           0x2000'0664    0x60  Data  Lc  App_Warranty.o [6]
Wdt_Init                 0x801'854d    0x1a  Code  Gb  Drv_Wdt.o [9]
Wdt_Task                 0x801'8567    0x12  Code  Gb  Drv_Wdt.o [9]
__NVIC_EnableIRQ         0x800'6edd    0x20  Code  Lc  stm32f4xx_hal_cortex.o [5]
__NVIC_GetPriorityGrouping
                         0x800'6ecf     0xc  Code  Lc  stm32f4xx_hal_cortex.o [5]
__NVIC_SetPriority       0x800'6efd    0x2c  Code  Lc  stm32f4xx_hal_cortex.o [5]
__NVIC_SetPriorityGrouping
                         0x800'6ead    0x22  Code  Lc  stm32f4xx_hal_cortex.o [5]
__aeabi_ldiv0            0x801'9f05          Code  Gb  I64DivZer.o [13]
__aeabi_memcpy           0x801'41cd          Code  Gb  ABImemcpy.o [13]
__aeabi_memcpy4          0x801'41ed          Code  Gb  ABImemcpy.o [13]
__aeabi_memcpy8          0x801'41ed          Code  Gb  ABImemcpy.o [13]
__aeabi_memmove          0x801'9fd1          Code  Gb  ABImemmove.o [13]
__aeabi_memmove4         0x801'9fd1          Code  Gb  ABImemmove.o [13]
__aeabi_memmove8         0x801'9fd1          Code  Gb  ABImemmove.o [13]
__aeabi_memset           0x800'1d79          Code  Gb  ABImemset.o [13]
__aeabi_uldivmod         0x801'9069          Code  Gb  I64DivMod.o [13]
__cmain                  0x801'a7cd          Code  Gb  cmain.o [13]
__exit                   0x801'a82d    0x14  Code  Gb  exit.o [14]
__iar_Memset             0x800'1d79          Code  Gb  ABImemset.o [13]
__iar_Memset_word        0x800'1d81          Code  Gb  ABImemset.o [13]
__iar_data_init3         0x801'a7f1    0x18  Code  Gb  data_init.o [13]
__iar_init_vfp           0x801'a7a9          Code  Gb  fpinit_M.o [12]
__iar_lz77_init_single3
                         0x800'1ddf    0x7e  Code  Gb  lz77_init_single.o [13]
__iar_program_start      0x801'a78d          Code  Gb  cstartup_M.o [13]
__iar_zero_init3         0x801'a97d    0x38  Code  Gb  zero_init3.o [13]
__low_level_init         0x801'a7eb     0x4  Code  Gb  low_level_init.o [11]
__vector_table           0x800'0000          Data  Gb  startup_stm32f407xx.o [3]
_call_main               0x801'a7d9          Code  Gb  cmain.o [13]
_exit                    0x801'a821          Code  Gb  cexit.o [13]
aCpuTmFunction           0x800'1700    0x18  Data  Lc  stl_sch_main.o [10]
aCpuTmIndex              0x800'16fc     0x4  Data  Lc  stl_sch_main.o [10]
aStlCpuTm7MainStackPattern
                         0x800'1b90    0x40  Data  Gb  stl_tm_cpu_7.o [10]
aStlCpuTm7ProcessStackPattern
                         0x800'1bd0    0x40  Data  Gb  stl_tm_cpu_7.o [10]
aStlCpuTm7VirtualStack  0x2000'017c    0x40  Data  Gb  stl_tm_cpu_7.o [10]
bCalibDataSaveFlag      0x2000'0b91     0x1  Data  Lc  App_CalibData.o [6]
bWarrantyDataSaveFlag   0x2000'0c31     0x1  Data  Lc  App_Warranty.o [6]
checkFlashCRC            0x800'6537    0x50  Code  Gb  App_Diag.o [6]
delay_us                 0x801'609d    0x2c  Code  Gb  Drv_Delay.o [9]
exit                     0x801'a81b     0x4  Code  Gb  exit.o [11]
g_b_Discharge_flag      0x2000'0c12     0x1  Data  Gb  App_Soc.o [6]
g_b_SOH_updateflag      0x2000'0c14     0x1  Data  Lc  App_Soh.o [6]
g_f_capacity_buf        0x2000'0b10     0x4  Data  Lc  App_Soc.o [6]
hCurrLimit_RemainChgTime_Proc
                        0x2000'08d4    0x38  Data  Lc  App_CurrLimit.o [6]
hadc3                   0x2000'07cc    0x48  Data  Gb  adc.o [2]
hcan1                   0x2000'097c    0x28  Data  Gb  can.o [2]
hcrc                    0x2000'0adc     0x8  Data  Gb  crc.o [2]
hiwdg                   0x2000'0a88     0xc  Data  Gb  iwdg.o [2]
hrtc                    0x2000'09c4    0x20  Data  Gb  rtc.o [2]
hspi1                   0x2000'06c4    0x58  Data  Gb  spi.o [2]
hspi2                   0x2000'071c    0x58  Data  Gb  spi.o [2]
hspi3                   0x2000'0774    0x58  Data  Gb  spi.o [2]
htim5                   0x2000'0814    0x48  Data  Gb  tim.o [2]
main                     0x800'23e9    0x5a  Code  Gb  main.o [2]
memnadd                  0x801'6075    0x28  Code  Gb  Lib_queue.o [8]
memncpy                  0x801'6049    0x2c  Code  Gb  Lib_queue.o [8]
raw_standard             0x800'0f4c    0x10  Data  Lc  App_Soc.o [6]
tmpCC4_last             0x2001'3118     0x2  Data  Gb  App_Diag.o [6]
uwTick                  0x2000'0b30     0x4  Data  Gb  stm32f4xx_hal.o [5]
uwTickFreq              0x2000'01d6     0x1  Data  Gb  stm32f4xx_hal.o [5]
uwTickPrio              0x2000'0124     0x4  Data  Gb  stm32f4xx_hal.o [5]


[1] = C:\Users\ETI\STM32CubeIDE\workspace_1.18.1\MEGA_BESS\IAR\Certification_ESS_MLEC_R0.0\EWARM\Certification_ESS_MLEC_R0.0\Obj\CMSIS_6603591812247902717.dir
[2] = C:\Users\ETI\STM32CubeIDE\workspace_1.18.1\MEGA_BESS\IAR\Certification_ESS_MLEC_R0.0\EWARM\Certification_ESS_MLEC_R0.0\Obj\Core_13247989168731456611.dir
[3] = C:\Users\ETI\STM32CubeIDE\workspace_1.18.1\MEGA_BESS\IAR\Certification_ESS_MLEC_R0.0\EWARM\Certification_ESS_MLEC_R0.0\Obj\EWARM_18443280873093131863.dir
[4] = C:\Users\ETI\STM32CubeIDE\workspace_1.18.1\MEGA_BESS\IAR\Certification_ESS_MLEC_R0.0\EWARM\Certification_ESS_MLEC_R0.0\Obj\STL_13106624692826780171.dir
[5] = C:\Users\ETI\STM32CubeIDE\workspace_1.18.1\MEGA_BESS\IAR\Certification_ESS_MLEC_R0.0\EWARM\Certification_ESS_MLEC_R0.0\Obj\STM32F4xx_HAL_Driver_1244631019742807970.dir
[6] = C:\Users\ETI\STM32CubeIDE\workspace_1.18.1\MEGA_BESS\IAR\Certification_ESS_MLEC_R0.0\EWARM\Certification_ESS_MLEC_R0.0\Obj\Src_10706857032692893001.dir
[7] = C:\Users\ETI\STM32CubeIDE\workspace_1.18.1\MEGA_BESS\IAR\Certification_ESS_MLEC_R0.0\EWARM\Certification_ESS_MLEC_R0.0\Obj\Src_5795735761990546859.dir
[8] = C:\Users\ETI\STM32CubeIDE\workspace_1.18.1\MEGA_BESS\IAR\Certification_ESS_MLEC_R0.0\EWARM\Certification_ESS_MLEC_R0.0\Obj\Src_65410371904436568.dir
[9] = C:\Users\ETI\STM32CubeIDE\workspace_1.18.1\MEGA_BESS\IAR\Certification_ESS_MLEC_R0.0\EWARM\Certification_ESS_MLEC_R0.0\Obj\Src_8022808178001545325.dir
[10] = STL_Lib.a
[11] = dl7M_tlf.a
[12] = m7M_tls.a
[13] = rt7M_tl.a
[14] = shb_l.a

  102'136 bytes of readonly  code memory
    7'060 bytes of readonly  data memory
   16'946 bytes of readwrite data memory

Errors: none
Warnings: none
